Microchip MPLAB XC8 Compiler V2.10 ()

Linker command line:

-W-3 --edf=C:\Program Files (x86)\Microchip\xc8\v2.10\pic\dat\en_msgs.txt \
  -cs -h+dist/default/production\GeniusBICA.X.production.sym \
  --cmf=dist/default/production\GeniusBICA.X.production.cmf -z -Q18F4520 \
  -oC:\Users\atafa\AppData\Local\Temp\s2g8.2 --defsym=__MPLAB_BUILD=1 \
  -Mdist/default/production/GeniusBICA.X.production.map -E1 -ver=XC8 \
  --acfsm=1493 -ASTACK=0CCh-05FFh -pstack=STACK -ACODE=00h-07FFFh \
  -ACONST=00h-07FFFh -ASMALLCONST=0600h-06FFhx122 \
  -AMEDIUMCONST=0600h-07FFFh -ACOMRAM=01h-07Fh -AABS1=00h-05FFh \
  -ABIGRAM=01h-05FFh -ARAM=080h-0FFh,0100h-01FFhx5 -ABANK0=080h-0FFh \
  -ABANK1=0100h-01FFh -ABANK2=0200h-02FFh -ABANK3=0300h-03FFh \
  -ABANK4=0400h-04FFh -ABANK5=0500h-05FFh -ASFR=0F80h-0FFFh \
  -preset_vec=00h,intcode=08h,intcodelo,powerup,init -pramtop=0600h \
  -psmallconst=SMALLCONST -pmediumconst=MEDIUMCONST -pconst=CONST \
  -AFARRAM=00h-00h -ACONFIG=0300000h-030000Dh -pconfig=CONFIG \
  -AIDLOC=0200000h-0200007h -pidloc=IDLOC -AEEDATA=0F00000h-0F000FFh \
  -peeprom_data=EEDATA \
  -prdata=COMRAM,nvrram=COMRAM,nvbit=COMRAM,rbss=COMRAM,rbit=COMRAM \
  -pfarbss=FARRAM,fardata=FARRAM,nvFARRAM=FARRAM \
  -pintsave_regs=BIGRAM,bigbss=BIGRAM,bigdata=BIGRAM -pbss=RAM \
  -pidata=CODE,irdata=CODE,ibigdata=CODE,ifardata=CODE -prparam=COMRAM \
  C:\Users\atafa\AppData\Local\Temp\s2g8.o \
  dist/default/production\GeniusBICA.X.production.o 

Object code version is 3.11

Machine type is 18F4520

Call graph: (short form)




                Name                               Link     Load   Length Selector   Space Scale
C:\Users\atafa\AppData\Local\Temp\s2g8.o
                init                                  E        E        4        4       0
                reset_vec                             0        0        4        0       0
                idloc                            200000   200000        8   200000       0
                config                           300000   300000        E   300000       0
dist/default/production\GeniusBICA.X.production.o
                intcode                               8        8        6        4       0
                temp                                 4D       4D        1        1       1
                smallconst                          600      600       64      300       0
                text39                             16E2     16E2       14      332       0
                text38                             16B6     16B6       18      332       0
                text37                             1492     1492       38      332       0
                text36                              F6E      F6E       9E      332       0
                text35                              C4E      C4E       DC      332       0
                text34                             1560     1560       2E      332       0
                text33                             10FE     10FE       6E      332       0
                text32                             1680     1680       1E      332       0
                text31                             1662     1662       1E      332       0
                text30                             1644     1644       1E      332       0
                text29                             1626     1626       1E      332       0
                text28                              DFC      DFC       D2      332       0
                text27                             133E     133E       3C      332       0
                text26                             145A     145A       38      332       0
                text25                             1274     1274       4C      332       0
                text24                             1422     1422       38      332       0
                text23                             14FE     14FE       34      332       0
                text22                              8F4      8F4      27A      332       0
                intcode_body                       100C     100C       82      332       0
                text20                             12C0     12C0       42      332       0
                text19                             16CE     16CE       14      332       0
                text18                             169E     169E       18      332       0
                text17                             13EA     13EA       38      332       0
                text16                              ECE      ECE       A0      332       0
                text15                              B6E      B6E       E0      332       0
                text14                             1532     1532       2E      332       0
                text13                             108E     108E       70      332       0
                text12                             1608     1608       1E      332       0
                text11                             15EA     15EA       1E      332       0
                text10                             15CC     15CC       1E      332       0
                text9                              15AE     15AE       1E      332       0
                text8                               D2A      D2A       D2      332       0
                text7                              1302     1302       3C      332       0
                text6                              13B2     13B2       38      332       0
                text5                              1228     1228       4C      332       0
                text4                              137A     137A       38      332       0
                text3                              14CA     14CA       34      332       0
                text2                               664      664      290      332       0
                text1                              116C     116C       62      332       0
                text0                              158E     158E       20      332       0
                cstackCOMRAM                          1        1       3E        1       1
                cstackBANK0                          AA       AA       20       80       1
                dataBANK0                            CA       CA        2       80       1
                bssBANK0                             80       80       2A       80       1
                dataCOMRAM                           4B       4B        2        1       1
                bssCOMRAM                            3F       3F        C        1       1
                cinit                              11CE     11CE       5A      332       0
                idataBANK0                         16F8     16F8        2      332       0
                idataCOMRAM                        16F6     16F6        2      332       0

TOTAL           Name                               Link     Load   Length     Space
        CLASS   STACK          

        CLASS   CODE           
                intcode                               8        8        6         0
                init                                  E        E        4         0
                reset_vec                             0        0        4         0
                text39                             16E2     16E2       14         0
                text38                             16B6     16B6       18         0
                text37                             1492     1492       38         0
                text36                              F6E      F6E       9E         0
                text35                              C4E      C4E       DC         0
                text34                             1560     1560       2E         0
                text33                             10FE     10FE       6E         0
                text32                             1680     1680       1E         0
                text31                             1662     1662       1E         0
                text30                             1644     1644       1E         0
                text29                             1626     1626       1E         0
                text28                              DFC      DFC       D2         0
                text27                             133E     133E       3C         0
                text26                             145A     145A       38         0
                text25                             1274     1274       4C         0
                text24                             1422     1422       38         0
                text23                             14FE     14FE       34         0
                text22                              8F4      8F4      27A         0
                intcode_body                       100C     100C       82         0
                text20                             12C0     12C0       42         0
                text19                             16CE     16CE       14         0
                text18                             169E     169E       18         0
                text17                             13EA     13EA       38         0
                text16                              ECE      ECE       A0         0
                text15                              B6E      B6E       E0         0
                text14                             1532     1532       2E         0
                text13                             108E     108E       70         0
                text12                             1608     1608       1E         0
                text11                             15EA     15EA       1E         0
                text10                             15CC     15CC       1E         0
                text9                              15AE     15AE       1E         0
                text8                               D2A      D2A       D2         0
                text7                              1302     1302       3C         0
                text6                              13B2     13B2       38         0
                text5                              1228     1228       4C         0
                text4                              137A     137A       38         0
                text3                              14CA     14CA       34         0
                text2                               664      664      290         0
                text1                              116C     116C       62         0
                text0                              158E     158E       20         0
                cinit                              11CE     11CE       5A         0
                idataBANK0                         16F8     16F8        2         0
                idataCOMRAM                        16F6     16F6        2         0

        CLASS   CONST          

        CLASS   SMALLCONST     
                smallconst                          600      600       64         0

        CLASS   MEDIUMCONST    

        CLASS   COMRAM         
                temp                                 4D       4D        1         1
                cstackCOMRAM                          1        1       3E         1
                dataCOMRAM                           4B       4B        2         1
                bssCOMRAM                            3F       3F        C         1

        CLASS   ABS1           

        CLASS   BIGRAM         

        CLASS   RAM            

        CLASS   BANK0          
                cstackBANK0                          AA       AA       20         1
                dataBANK0                            CA       CA        2         1
                bssBANK0                             80       80       2A         1

        CLASS   BANK1          

        CLASS   BANK2          

        CLASS   BANK3          

        CLASS   BANK4          

        CLASS   BANK5          

        CLASS   SFR            

        CLASS   FARRAM         

        CLASS   CONFIG         
                config                           300000   300000        E         0

        CLASS   IDLOC          
                idloc                            200000   200000        8         0

        CLASS   EEDATA         



SEGMENTS        Name                           Load    Length   Top    Selector   Space  Class

                reset_vec                      000000  000004  000004         0       0  CODE    
                cstackCOMRAM                   000001  00004D  00004E         1       1  COMRAM  
                intcode                        000008  00000A  000012         4       0  CODE    
                bssBANK0                       000080  00004C  0000CC        80       1  BANK0   
                smallconst                     000600  000064  000664       300       0  SMALLCON
                text2                          000664  001096  0016FA       332       0  CODE    
                idloc                          200000  000008  200008    200000       0  IDLOC   
                config                         300000  00000E  30000E    300000       0  CONFIG  


UNUSED ADDRESS RANGES

        Name                Unused          Largest block    Delta
        BANK0            0000CC-0000FF               34
        BANK1            000100-0001FF              100
        BANK2            000200-0002FF              100
        BANK3            000300-0003FF              100
        BANK4            000400-0004FF              100
        BANK5            000500-0005FF              100
        BIGRAM           00004E-00007F               32
                         0000CC-0005FF              534
        CODE             000004-000007                4
                         000012-0005FF              5EE
                         0016FA-007FFF             6906
        COMRAM           00004E-00007F               32
        CONST            000004-000007                4
                         000012-0005FF              5EE
                         0016FA-007FFF             6906
        EEDATA           F00000-F000FF              100
        MEDIUMCONST      0016FA-007FFF             6906
        RAM              0000CC-0005FF              100
        SFR              000F80-000FFF               80
        SMALLCONST       0016FA-007FFF              100
        STACK            0000CC-0005FF              534

                                  Symbol Table

?___omul                       cstackBANK0  0000AA
?_rand                         cstackCOMRAM 00003B
?i2___omul                     cstackCOMRAM 000001
?i2_rand                       cstackCOMRAM 000019
GerarSequencia@random          cstackBANK0  0000C4
GerarSequencia@semente         cstackBANK0  0000C2
MostraSequencia@i              cstackCOMRAM 000037
VerificarSequencia@but         cstackCOMRAM 000033
VerificarSequencia@cnt         cstackCOMRAM 000035
_ADCON0                        (abs)        000FC2
_ADCON1                        (abs)        000FC1
_ADCON2                        (abs)        000FC0
_BAUDCON                       (abs)        000FB8
_GIE                           (abs)        007F97
_GerarSequencia                text13       00108E
_INTCON                        (abs)        000FF2
_IPEN                          (abs)        007E87
_LE0                           (abs)        007C68
_LE1                           (abs)        007C69
_Memoria1                      bssBANK0     000080
_MostraSequencia               text8        000D2A
_OSCCON                        (abs)        000FD3
_PORTB                         (abs)        000F81
_PORTBbits                     (abs)        000F81
_PORTCbits                     (abs)        000F82
_PORTD                         (abs)        000F83
_PORTE                         (abs)        000F84
_RCIE                          (abs)        007CED
_RCIF                          (abs)        007CF5
_RCIP                          (abs)        007CFD
_RCREG                         (abs)        000FAE
_RCSTA                         (abs)        000FAB
_SPBRG                         (abs)        000FAF
_Som_Botao1                    text12       001608
_Som_Botao2                    text11       0015EA
_Som_Botao3                    text10       0015CC
_Som_Botao4                    text9        0015AE
_Som_Ganhou                    text7        001302
_Som_Inicial                   text6        0013B2
_Som_Perdeu                    text4        00137A
_T0CON                         (abs)        000FD5
_TMR0H                         (abs)        000FD7
_TMR0L                         (abs)        000FD6
_TRISA                         (abs)        000F92
_TRISB                         (abs)        000F93
_TRISC                         (abs)        000F94
_TRISD                         (abs)        000F95
_TRISE                         (abs)        000F96
_TXSTA                         (abs)        000FAC
_VerificarSequencia            text3        0014CA
__CFG_BOREN$SBORDIS            (abs)        000000
__CFG_BORV$3                   (abs)        000000
__CFG_CCP2MX$PORTC             (abs)        000000
__CFG_CP0$OFF                  (abs)        000000
__CFG_CP1$OFF                  (abs)        000000
__CFG_CP2$OFF                  (abs)        000000
__CFG_CP3$OFF                  (abs)        000000
__CFG_CPB$OFF                  (abs)        000000
__CFG_CPD$OFF                  (abs)        000000
__CFG_EBTR0$OFF                (abs)        000000
__CFG_EBTR1$OFF                (abs)        000000
__CFG_EBTR2$OFF                (abs)        000000
__CFG_EBTR3$OFF                (abs)        000000
__CFG_EBTRB$OFF                (abs)        000000
__CFG_FCMEN$OFF                (abs)        000000
__CFG_IESO$OFF                 (abs)        000000
__CFG_LPT1OSC$OFF              (abs)        000000
__CFG_LVP$OFF                  (abs)        000000
__CFG_MCLRE$ON                 (abs)        000000
__CFG_OSC$INTIO67              (abs)        000000
__CFG_PBADEN$OFF               (abs)        000000
__CFG_PWRT$OFF                 (abs)        000000
__CFG_STVREN$ON                (abs)        000000
__CFG_WDT$OFF                  (abs)        000000
__CFG_WDTPS$32768              (abs)        000000
__CFG_WRT0$OFF                 (abs)        000000
__CFG_WRT1$OFF                 (abs)        000000
__CFG_WRT2$OFF                 (abs)        000000
__CFG_WRT3$OFF                 (abs)        000000
__CFG_WRTB$OFF                 (abs)        000000
__CFG_WRTC$OFF                 (abs)        000000
__CFG_WRTD$OFF                 (abs)        000000
__CFG_XINST$OFF                (abs)        000000
__HRAM                         (abs)        000000
__Habs1                        abs1         000000
__Hbank0                       bank0        000000
__Hbank1                       bank1        000000
__Hbank2                       bank2        000000
__Hbank3                       bank3        000000
__Hbank4                       bank4        000000
__Hbank5                       bank5        000000
__Hbigbss                      bigbss       000000
__Hbigdata                     bigdata      000000
__Hbigram                      bigram       000000
__Hbss                         bss          000000
__HbssBANK0                    bssBANK0     000000
__HbssCOMRAM                   bssCOMRAM    000000
__Hcinit                       cinit        000000
__Hclrtext                     clrtext      000000
__Hcomram                      comram       000000
__Hconfig                      config       30000E
__Hconst                       const        000000
__HcstackBANK0                 cstackBANK0  000000
__HcstackCOMRAM                cstackCOMRAM 000000
__Hdata                        data         000000
__HdataBANK0                   dataBANK0    000000
__HdataCOMRAM                  dataCOMRAM   000000
__Heeprom_data                 eeprom_data  000000
__Hfarbss                      farbss       000000
__Hfardata                     fardata      000000
__Hibigdata                    ibigdata     000000
__Hidata                       idata        000000
__HidataBANK0                  idataBANK0   000000
__HidataCOMRAM                 idataCOMRAM  000000
__Hidloc                       idloc        200008
__Hifardata                    ifardata     000000
__Hinit                        init         000012
__Hintcode                     intcode      00000E
__Hintcode_body                intcode_body 000000
__Hintcodelo                   intcodelo    00000E
__Hintentry                    intentry     000000
__Hintret                      intret       000000
__Hintsave_regs                intsave_regs 000000
__Hirdata                      irdata       000000
__Hmediumconst                 mediumconst  000000
__HnvFARRAM                    nvFARRAM     000000
__Hnvbit                       nvbit        000000
__Hnvrram                      nvrram       000000
__Hparam                       rparam       000000
__Hpowerup                     powerup      00000E
__Hram                         ram          000000
__Hramtop                      ramtop       000600
__Hrbit                        rbit         000000
__Hrbss                        rbss         000000
__Hrdata                       rdata        000000
__Hreset_vec                   reset_vec    000004
__Hrparam                      rparam       000000
__Hsfr                         sfr          000000
__Hsmallconst                  smallconst   000664
__Hspace_0                     (abs)        30000E
__Hspace_1                     (abs)        0000CC
__Hspace_2                     (abs)        000000
__Hstack                       stack        000000
__Hstruct                      struct       000000
__Htemp                        temp         00004E
__Htext                        text         000000
__Htext0                       text0        000000
__Htext1                       text1        000000
__Htext10                      text10       000000
__Htext11                      text11       000000
__Htext12                      text12       000000
__Htext13                      text13       000000
__Htext14                      text14       000000
__Htext15                      text15       000000
__Htext16                      text16       000000
__Htext17                      text17       000000
__Htext18                      text18       000000
__Htext19                      text19       000000
__Htext2                       text2        000000
__Htext20                      text20       000000
__Htext22                      text22       000000
__Htext23                      text23       000000
__Htext24                      text24       000000
__Htext25                      text25       000000
__Htext26                      text26       000000
__Htext27                      text27       000000
__Htext28                      text28       000000
__Htext29                      text29       000000
__Htext3                       text3        000000
__Htext30                      text30       000000
__Htext31                      text31       000000
__Htext32                      text32       000000
__Htext33                      text33       000000
__Htext34                      text34       000000
__Htext35                      text35       000000
__Htext36                      text36       000000
__Htext37                      text37       000000
__Htext38                      text38       000000
__Htext39                      text39       000000
__Htext4                       text4        000000
__Htext5                       text5        000000
__Htext6                       text6        000000
__Htext7                       text7        000000
__Htext8                       text8        000000
__Htext9                       text9        000000
__LRAM                         (abs)        000001
__Labs1                        abs1         000000
__Lbank0                       bank0        000000
__Lbank1                       bank1        000000
__Lbank2                       bank2        000000
__Lbank3                       bank3        000000
__Lbank4                       bank4        000000
__Lbank5                       bank5        000000
__Lbigbss                      bigbss       000000
__Lbigdata                     bigdata      000000
__Lbigram                      bigram       000000
__Lbss                         bss          000000
__LbssBANK0                    bssBANK0     000000
__LbssCOMRAM                   bssCOMRAM    000000
__Lcinit                       cinit        000000
__Lclrtext                     clrtext      000000
__Lcomram                      comram       000000
__Lconfig                      config       300000
__Lconst                       const        000000
__LcstackBANK0                 cstackBANK0  000000
__LcstackCOMRAM                cstackCOMRAM 000000
__Ldata                        data         000000
__LdataBANK0                   dataBANK0    000000
__LdataCOMRAM                  dataCOMRAM   000000
__Leeprom_data                 eeprom_data  000000
__Lfarbss                      farbss       000000
__Lfardata                     fardata      000000
__Libigdata                    ibigdata     000000
__Lidata                       idata        000000
__LidataBANK0                  idataBANK0   000000
__LidataCOMRAM                 idataCOMRAM  000000
__Lidloc                       idloc        200000
__Lifardata                    ifardata     000000
__Linit                        init         00000E
__Lintcode                     intcode      000008
__Lintcode_body                intcode_body 000000
__Lintcodelo                   intcodelo    00000E
__Lintentry                    intentry     000000
__Lintret                      intret       000000
__Lintsave_regs                intsave_regs 000000
__Lirdata                      irdata       000000
__Lmediumconst                 mediumconst  000000
__LnvFARRAM                    nvFARRAM     000000
__Lnvbit                       nvbit        000000
__Lnvrram                      nvrram       000000
__Lparam                       rparam       000000
__Lpowerup                     powerup      00000E
__Lram                         ram          000000
__Lramtop                      ramtop       000600
__Lrbit                        rbit         000000
__Lrbss                        rbss         000000
__Lrdata                       rdata        000000
__Lreset_vec                   reset_vec    000000
__Lrparam                      rparam       000000
__Lsfr                         sfr          000000
__Lsmallconst                  smallconst   000600
__Lspace_0                     (abs)        000000
__Lspace_1                     (abs)        000000
__Lspace_2                     (abs)        000000
__Lstack                       stack        000000
__Lstruct                      struct       000000
__Ltemp                        temp         00004D
__Ltext                        text         000000
__Ltext0                       text0        000000
__Ltext1                       text1        000000
__Ltext10                      text10       000000
__Ltext11                      text11       000000
__Ltext12                      text12       000000
__Ltext13                      text13       000000
__Ltext14                      text14       000000
__Ltext15                      text15       000000
__Ltext16                      text16       000000
__Ltext17                      text17       000000
__Ltext18                      text18       000000
__Ltext19                      text19       000000
__Ltext2                       text2        000000
__Ltext20                      text20       000000
__Ltext22                      text22       000000
__Ltext23                      text23       000000
__Ltext24                      text24       000000
__Ltext25                      text25       000000
__Ltext26                      text26       000000
__Ltext27                      text27       000000
__Ltext28                      text28       000000
__Ltext29                      text29       000000
__Ltext3                       text3        000000
__Ltext30                      text30       000000
__Ltext31                      text31       000000
__Ltext32                      text32       000000
__Ltext33                      text33       000000
__Ltext34                      text34       000000
__Ltext35                      text35       000000
__Ltext36                      text36       000000
__Ltext37                      text37       000000
__Ltext38                      text38       000000
__Ltext39                      text39       000000
__Ltext4                       text4        000000
__Ltext5                       text5        000000
__Ltext6                       text6        000000
__Ltext7                       text7        000000
__Ltext8                       text8        000000
__Ltext9                       text9        000000
__S0                           (abs)        30000E
__S1                           (abs)        0000CC
__S2                           (abs)        000000
___inthi_sp                    stack        000000
___intlo_sp                    stack        000000
___omul                        text16       000ECE
___omul@multiplicand           cstackBANK0  0000B2
___omul@multiplier             cstackBANK0  0000AA
___omul@product                cstackCOMRAM 000033
___param_bank                  (abs)        000000
___rparam_used                 (abs)        000001
___sp                          stack        000000
__accesstop                    (abs)        000080
__activetblptr                 (abs)        000001
__end_of_GerarSequencia        text13       0010FE
__end_of_MostraSequencia       text8        000DFC
__end_of_Som_Botao1            text12       001626
__end_of_Som_Botao2            text11       001608
__end_of_Som_Botao3            text10       0015EA
__end_of_Som_Botao4            text9        0015CC
__end_of_Som_Ganhou            text7        00133E
__end_of_Som_Inicial           text6        0013EA
__end_of_Som_Perdeu            text4        0013B2
__end_of_VerificarSequencia    text3        0014FE
__end_of___omul                text16       000F6E
__end_of__initialization       cinit        001216
__end_of_config                text20       001302
__end_of_iniciogame            text5        001274
__end_of_jogo                  text2        0008F4
__end_of_lcd_clear             text18       0016B6
__end_of_lcd_init              text1        0011CE
__end_of_lcd_puts              text17       001422
__end_of_lcd_write             text19       0016E2
__end_of_main                  text0        0015AE
__end_of_rand                  text15       000C4E
__end_of_srand                 text14       001560
__end_of_tmr                   intcode_body 00108E
__end_ofdisplay@tabela         smallconst   000611
__end_ofi2_GerarSequencia      text33       00116C
__end_ofi2_MostraSequencia     text28       000ECE
__end_ofi2_Som_Botao1          text32       00169E
__end_ofi2_Som_Botao2          text31       001680
__end_ofi2_Som_Botao3          text30       001662
__end_ofi2_Som_Botao4          text29       001644
__end_ofi2_Som_Ganhou          text27       00137A
__end_ofi2_Som_Inicial         text26       001492
__end_ofi2_Som_Perdeu          text24       00145A
__end_ofi2_VerificarSequencia  text23       001532
__end_ofi2___omul              text36       00100C
__end_ofi2_iniciogame          text25       0012C0
__end_ofi2_jogo                text22       000B6E
__end_ofi2_lcd_clear           text38       0016CE
__end_ofi2_lcd_puts            text37       0014CA
__end_ofi2_lcd_write           text39       0016F6
__end_ofi2_rand                text35       000D2A
__end_ofi2_srand               text34       00158E
__initialization               cinit        0011CE
__mediumconst                  mediumconst  000000
__pbssBANK0                    bssBANK0     000080
__pbssCOMRAM                   bssCOMRAM    00003F
__pcinit                       cinit        0011CE
__pcstackBANK0                 cstackBANK0  0000AA
__pcstackCOMRAM                cstackCOMRAM 000001
__pdataBANK0                   dataBANK0    0000CA
__pdataCOMRAM                  dataCOMRAM   00004B
__pidataBANK0                  idataBANK0   0016F8
__pidataCOMRAM                 idataCOMRAM  0016F6
__pintcode                     intcode      000008
__pintcode_body                intcode_body 00100C
__psmallconst                  smallconst   000600
__ptext0                       text0        00158E
__ptext1                       text1        00116C
__ptext10                      text10       0015CC
__ptext11                      text11       0015EA
__ptext12                      text12       001608
__ptext13                      text13       00108E
__ptext14                      text14       001532
__ptext15                      text15       000B6E
__ptext16                      text16       000ECE
__ptext17                      text17       0013EA
__ptext18                      text18       00169E
__ptext19                      text19       0016CE
__ptext2                       text2        000664
__ptext20                      text20       0012C0
__ptext22                      text22       0008F4
__ptext23                      text23       0014FE
__ptext24                      text24       001422
__ptext25                      text25       001274
__ptext26                      text26       00145A
__ptext27                      text27       00133E
__ptext28                      text28       000DFC
__ptext29                      text29       001626
__ptext3                       text3        0014CA
__ptext30                      text30       001644
__ptext31                      text31       001662
__ptext32                      text32       001680
__ptext33                      text33       0010FE
__ptext34                      text34       001560
__ptext35                      text35       000C4E
__ptext36                      text36       000F6E
__ptext37                      text37       001492
__ptext38                      text38       0016B6
__ptext39                      text39       0016E2
__ptext4                       text4        00137A
__ptext5                       text5        001228
__ptext6                       text6        0013B2
__ptext7                       text7        001302
__ptext8                       text8        000D2A
__ptext9                       text9        0015AE
__ramtop                       ramtop       000600
__size_of_GerarSequencia       (abs)        000000
__size_of_MostraSequencia      (abs)        000000
__size_of_Som_Botao1           (abs)        000000
__size_of_Som_Botao2           (abs)        000000
__size_of_Som_Botao3           (abs)        000000
__size_of_Som_Botao4           (abs)        000000
__size_of_Som_Ganhou           (abs)        000000
__size_of_Som_Inicial          (abs)        000000
__size_of_Som_Perdeu           (abs)        000000
__size_of_VerificarSequencia   (abs)        000000
__size_of___omul               (abs)        000000
__size_of_config               (abs)        000000
__size_of_iniciogame           (abs)        000000
__size_of_jogo                 (abs)        000000
__size_of_lcd_clear            (abs)        000000
__size_of_lcd_init             (abs)        000000
__size_of_lcd_puts             (abs)        000000
__size_of_lcd_write            (abs)        000000
__size_of_main                 (abs)        000000
__size_of_rand                 (abs)        000000
__size_of_srand                (abs)        000000
__size_of_tmr                  (abs)        000000
__size_ofi2_GerarSequencia     (abs)        000000
__size_ofi2_MostraSequencia    (abs)        000000
__size_ofi2_Som_Botao1         (abs)        000000
__size_ofi2_Som_Botao2         (abs)        000000
__size_ofi2_Som_Botao3         (abs)        000000
__size_ofi2_Som_Botao4         (abs)        000000
__size_ofi2_Som_Ganhou         (abs)        000000
__size_ofi2_Som_Inicial        (abs)        000000
__size_ofi2_Som_Perdeu         (abs)        000000
__size_ofi2_VerificarSequencia (abs)        000000
__size_ofi2___omul             (abs)        000000
__size_ofi2_iniciogame         (abs)        000000
__size_ofi2_jogo               (abs)        000000
__size_ofi2_lcd_clear          (abs)        000000
__size_ofi2_lcd_puts           (abs)        000000
__size_ofi2_lcd_write          (abs)        000000
__size_ofi2_rand               (abs)        000000
__size_ofi2_srand              (abs)        000000
__smallconst                   smallconst   000600
_config                        text20       0012C0
_flag                          dataCOMRAM   00004B
_inicio                        bssCOMRAM    00003F
_iniciogame                    text5        001228
_jogo                          text2        000664
_lcd_clear                     text18       00169E
_lcd_init                      text1        00116C
_lcd_puts                      text17       0013EA
_lcd_write                     text19       0016CE
_level                         dataBANK0    0000CA
_main                          text0        00158E
_pos                           bssBANK0     0000A8
_rand                          text15       000B6E
_seed                          bssCOMRAM    000043
_srand                         text14       001532
_temp                          bssCOMRAM    000041
_tmr                           intcode      000008
btemp                          temp         00004D
display@tabela                 smallconst   000601
end_of_initialization          cinit        001216
i2GerarSequencia@random        cstackCOMRAM 000027
i2GerarSequencia@semente       cstackCOMRAM 000025
i2MostraSequencia@i            cstackCOMRAM 000005
i2VerificarSequencia@but       cstackCOMRAM 000001
i2VerificarSequencia@cnt       cstackCOMRAM 000003
i2_GerarSequencia              text33       0010FE
i2_MostraSequencia             text28       000DFC
i2_Som_Botao1                  text32       001680
i2_Som_Botao2                  text31       001662
i2_Som_Botao3                  text30       001644
i2_Som_Botao4                  text29       001626
i2_Som_Ganhou                  text27       00133E
i2_Som_Inicial                 text26       00145A
i2_Som_Perdeu                  text24       001422
i2_VerificarSequencia          text23       0014FE
i2___omul                      text36       000F6E
i2___omul@multiplicand         cstackCOMRAM 000009
i2___omul@multiplier           cstackCOMRAM 000001
i2___omul@product              cstackCOMRAM 000011
i2_iniciogame                  text25       001274
i2_jogo                        text22       0008F4
i2_lcd_clear                   text38       0016B6
i2_lcd_puts                    text37       001492
i2_lcd_write                   text39       0016E2
i2_rand                        text35       000C4E
i2_srand                       text34       001560
i2jogo@flags                   cstackCOMRAM 00002B
i2lcd_puts@s                   cstackCOMRAM 000002
i2lcd_write@c                  cstackCOMRAM 000001
i2srand@s                      cstackCOMRAM 000001
int$flags                      temp         00004D
int_func                       intcode_body 00100C
intlevel0                      text         000000
intlevel1                      text         000000
intlevel2                      text         000000
intlevel3                      text         000000
jogo@flags                     cstackBANK0  0000C8
lcd_puts@s                     cstackCOMRAM 000034
lcd_write@c                    cstackCOMRAM 000033
srand@s                        cstackCOMRAM 000033
stackhi                        (abs)        0005FF
stacklo                        (abs)        0000CC
start                          init         00000E
start_initialization           cinit        0011CE
ttemp5                         temp         00004E
ttemp6                         temp         000051
ttemp7                         temp         000055
wtemp8                         temp         00004E


FUNCTION INFORMATION:

 *************** function _main *****************
 Defined at:
		line 190 in file "MainGenius.c"
 Parameters:    Size  Location     Type
		None
 Auto vars:     Size  Location     Type
		None
 Return value:  Size  Location     Type
                  1    wreg      void 
 Registers used:
		wreg, fsr2l, fsr2h, status,2, status,0, tblptrl, tblptrh, tblptru, cstack
 Tracked objects:
		On entry : 
		On exit  : 
		Unchanged: 
 Data sizes:     COMRAM   BANK0   BANK1   BANK2   BANK3   BANK4   BANK5
      Params:         0       0       0       0       0       0       0
      Locals:         0       0       0       0       0       0       0
      Temps:          0       0       0       0       0       0       0
      Totals:         0       0       0       0       0       0       0
Total ram usage:        0 bytes
 Hardware stack levels required when called:   11
 This function calls:
		_config
		_jogo
		_lcd_clear
		_lcd_init
 This function is called by:
		Startup code after reset
 This function uses a non-reentrant model


 *************** function _lcd_init *****************
 Defined at:
		line 92 in file "lcd.c"
 Parameters:    Size  Location     Type
		None
 Auto vars:     Size  Location     Type
  init_value      1    0        unsigned char 
 Return value:  Size  Location     Type
                  1    wreg      void 
 Registers used:
		wreg, status,2, cstack
 Tracked objects:
		On entry : 
		On exit  : 
		Unchanged: 
 Data sizes:     COMRAM   BANK0   BANK1   BANK2   BANK3   BANK4   BANK5
      Params:         0       0       0       0       0       0       0
      Locals:         1       0       0       0       0       0       0
      Temps:          1       0       0       0       0       0       0
      Totals:         2       0       0       0       0       0       0
Total ram usage:        2 bytes
 Hardware stack levels used:    1
 Hardware stack levels required when called:    8
 This function calls:
		_lcd_clear
		_lcd_write
 This function is called by:
		_main
 This function uses a non-reentrant model


 *************** function _jogo *****************
 Defined at:
		line 211 in file "MainGenius.c"
 Parameters:    Size  Location     Type
		None
 Auto vars:     Size  Location     Type
  flags           2   30[BANK0 ] int 
 Return value:  Size  Location     Type
                  1    wreg      void 
 Registers used:
		wreg, fsr2l, fsr2h, status,2, status,0, tblptrl, tblptrh, tblptru, cstack
 Tracked objects:
		On entry : 
		On exit  : 
		Unchanged: 
 Data sizes:     COMRAM   BANK0   BANK1   BANK2   BANK3   BANK4   BANK5
      Params:         0       0       0       0       0       0       0
      Locals:         0       2       0       0       0       0       0
      Temps:          0       2       0       0       0       0       0
      Totals:         0       4       0       0       0       0       0
Total ram usage:        4 bytes
 Hardware stack levels used:    1
 Hardware stack levels required when called:   10
 This function calls:
		_GerarSequencia
		_MostraSequencia
		_Som_Botao1
		_Som_Botao2
		_Som_Botao3
		_Som_Botao4
		_Som_Ganhou
		_Som_Inicial
		_Som_Perdeu
		_VerificarSequencia
		_iniciogame
		_lcd_clear
		_lcd_puts
 This function is called by:
		_main
 This function uses a non-reentrant model


 *************** function _VerificarSequencia *****************
 Defined at:
		line 178 in file "MainGenius.c"
 Parameters:    Size  Location     Type
  but             2   50[COMRAM] int 
  cnt             2   52[COMRAM] int 
 Auto vars:     Size  Location     Type
		None
 Return value:  Size  Location     Type
                  1    wreg      unsigned char 
 Registers used:
		wreg, fsr2l, fsr2h, status,2, status,0
 Tracked objects:
		On entry : 
		On exit  : 
		Unchanged: 
 Data sizes:     COMRAM   BANK0   BANK1   BANK2   BANK3   BANK4   BANK5
      Params:         4       0       0       0       0       0       0
      Locals:         0       0       0       0       0       0       0
      Temps:          2       0       0       0       0       0       0
      Totals:         6       0       0       0       0       0       0
Total ram usage:        6 bytes
 Hardware stack levels used:    1
 Hardware stack levels required when called:    6
 This function calls:
		Nothing
 This function is called by:
		_jogo
 This function uses a non-reentrant model


 *************** function _Som_Perdeu *****************
 Defined at:
		line 125 in file "MainGenius.c"
 Parameters:    Size  Location     Type
		None
 Auto vars:     Size  Location     Type
		None
 Return value:  Size  Location     Type
                  1    wreg      void 
 Registers used:
		wreg, status,2, status,0, tblptrl, tblptrh, tblptru, cstack
 Tracked objects:
		On entry : 
		On exit  : 
		Unchanged: 
 Data sizes:     COMRAM   BANK0   BANK1   BANK2   BANK3   BANK4   BANK5
      Params:         0       0       0       0       0       0       0
      Locals:         0       0       0       0       0       0       0
      Temps:          2       0       0       0       0       0       0
      Totals:         2       0       0       0       0       0       0
Total ram usage:        2 bytes
 Hardware stack levels used:    1
 Hardware stack levels required when called:    9
 This function calls:
		_iniciogame
		_lcd_clear
		_lcd_puts
 This function is called by:
		_jogo
 This function uses a non-reentrant model


 *************** function _iniciogame *****************
 Defined at:
		line 112 in file "MainGenius.c"
 Parameters:    Size  Location     Type
		None
 Auto vars:     Size  Location     Type
		None
 Return value:  Size  Location     Type
                  1    wreg      void 
 Registers used:
		wreg, status,2, status,0, tblptrl, tblptrh, tblptru, cstack
 Tracked objects:
		On entry : 
		On exit  : 
		Unchanged: 
 Data sizes:     COMRAM   BANK0   BANK1   BANK2   BANK3   BANK4   BANK5
      Params:         0       0       0       0       0       0       0
      Locals:         0       0       0       0       0       0       0
      Temps:          1       0       0       0       0       0       0
      Totals:         1       0       0       0       0       0       0
Total ram usage:        1 bytes
 Hardware stack levels used:    1
 Hardware stack levels required when called:    8
 This function calls:
		_lcd_clear
		_lcd_puts
 This function is called by:
		_Som_Perdeu
		_jogo
 This function uses a non-reentrant model


 *************** function _Som_Inicial *****************
 Defined at:
		line 103 in file "MainGenius.c"
 Parameters:    Size  Location     Type
		None
 Auto vars:     Size  Location     Type
		None
 Return value:  Size  Location     Type
                  1    wreg      void 
 Registers used:
		wreg, status,2, status,0, tblptrl, tblptrh, tblptru, cstack
 Tracked objects:
		On entry : 
		On exit  : 
		Unchanged: 
 Data sizes:     COMRAM   BANK0   BANK1   BANK2   BANK3   BANK4   BANK5
      Params:         0       0       0       0       0       0       0
      Locals:         0       0       0       0       0       0       0
      Temps:          2       0       0       0       0       0       0
      Totals:         2       0       0       0       0       0       0
Total ram usage:        2 bytes
 Hardware stack levels used:    1
 Hardware stack levels required when called:    8
 This function calls:
		_lcd_clear
		_lcd_puts
 This function is called by:
		_jogo
 This function uses a non-reentrant model


 *************** function _Som_Ganhou *****************
 Defined at:
		line 136 in file "MainGenius.c"
 Parameters:    Size  Location     Type
		None
 Auto vars:     Size  Location     Type
		None
 Return value:  Size  Location     Type
                  1    wreg      void 
 Registers used:
		wreg, status,2, status,0, tblptrl, tblptrh, tblptru, cstack
 Tracked objects:
		On entry : 
		On exit  : 
		Unchanged: 
 Data sizes:     COMRAM   BANK0   BANK1   BANK2   BANK3   BANK4   BANK5
      Params:         0       0       0       0       0       0       0
      Locals:         0       0       0       0       0       0       0
      Temps:          2       0       0       0       0       0       0
      Totals:         2       0       0       0       0       0       0
Total ram usage:        2 bytes
 Hardware stack levels used:    1
 Hardware stack levels required when called:    8
 This function calls:
		_lcd_clear
		_lcd_puts
 This function is called by:
		_jogo
 This function uses a non-reentrant model


 *************** function _MostraSequencia *****************
 Defined at:
		line 161 in file "MainGenius.c"
 Parameters:    Size  Location     Type
		None
 Auto vars:     Size  Location     Type
  i               2   54[COMRAM] int 
 Return value:  Size  Location     Type
                  1    wreg      void 
 Registers used:
		wreg, fsr2l, fsr2h, status,2, status,0, cstack
 Tracked objects:
		On entry : 
		On exit  : 
		Unchanged: 
 Data sizes:     COMRAM   BANK0   BANK1   BANK2   BANK3   BANK4   BANK5
      Params:         0       0       0       0       0       0       0
      Locals:         2       0       0       0       0       0       0
      Temps:          2       0       0       0       0       0       0
      Totals:         4       0       0       0       0       0       0
Total ram usage:        4 bytes
 Hardware stack levels used:    1
 Hardware stack levels required when called:    7
 This function calls:
		_Som_Botao1
		_Som_Botao2
		_Som_Botao3
		_Som_Botao4
 This function is called by:
		_jogo
 This function uses a non-reentrant model


 *************** function _Som_Botao4 *****************
 Defined at:
		line 96 in file "MainGenius.c"
 Parameters:    Size  Location     Type
		None
 Auto vars:     Size  Location     Type
		None
 Return value:  Size  Location     Type
                  1    wreg      void 
 Registers used:
		wreg
 Tracked objects:
		On entry : 
		On exit  : 
		Unchanged: 
 Data sizes:     COMRAM   BANK0   BANK1   BANK2   BANK3   BANK4   BANK5
      Params:         0       0       0       0       0       0       0
      Locals:         0       0       0       0       0       0       0
      Temps:          2       0       0       0       0       0       0
      Totals:         2       0       0       0       0       0       0
Total ram usage:        2 bytes
 Hardware stack levels used:    1
 Hardware stack levels required when called:    6
 This function calls:
		Nothing
 This function is called by:
		_MostraSequencia
		_jogo
 This function uses a non-reentrant model


 *************** function _Som_Botao3 *****************
 Defined at:
		line 89 in file "MainGenius.c"
 Parameters:    Size  Location     Type
		None
 Auto vars:     Size  Location     Type
		None
 Return value:  Size  Location     Type
                  1    wreg      void 
 Registers used:
		wreg
 Tracked objects:
		On entry : 
		On exit  : 
		Unchanged: 
 Data sizes:     COMRAM   BANK0   BANK1   BANK2   BANK3   BANK4   BANK5
      Params:         0       0       0       0       0       0       0
      Locals:         0       0       0       0       0       0       0
      Temps:          2       0       0       0       0       0       0
      Totals:         2       0       0       0       0       0       0
Total ram usage:        2 bytes
 Hardware stack levels used:    1
 Hardware stack levels required when called:    6
 This function calls:
		Nothing
 This function is called by:
		_MostraSequencia
		_jogo
 This function uses a non-reentrant model


 *************** function _Som_Botao2 *****************
 Defined at:
		line 82 in file "MainGenius.c"
 Parameters:    Size  Location     Type
		None
 Auto vars:     Size  Location     Type
		None
 Return value:  Size  Location     Type
                  1    wreg      void 
 Registers used:
		wreg
 Tracked objects:
		On entry : 
		On exit  : 
		Unchanged: 
 Data sizes:     COMRAM   BANK0   BANK1   BANK2   BANK3   BANK4   BANK5
      Params:         0       0       0       0       0       0       0
      Locals:         0       0       0       0       0       0       0
      Temps:          2       0       0       0       0       0       0
      Totals:         2       0       0       0       0       0       0
Total ram usage:        2 bytes
 Hardware stack levels used:    1
 Hardware stack levels required when called:    6
 This function calls:
		Nothing
 This function is called by:
		_MostraSequencia
		_jogo
 This function uses a non-reentrant model


 *************** function _Som_Botao1 *****************
 Defined at:
		line 75 in file "MainGenius.c"
 Parameters:    Size  Location     Type
		None
 Auto vars:     Size  Location     Type
		None
 Return value:  Size  Location     Type
                  1    wreg      void 
 Registers used:
		wreg
 Tracked objects:
		On entry : 
		On exit  : 
		Unchanged: 
 Data sizes:     COMRAM   BANK0   BANK1   BANK2   BANK3   BANK4   BANK5
      Params:         0       0       0       0       0       0       0
      Locals:         0       0       0       0       0       0       0
      Temps:          2       0       0       0       0       0       0
      Totals:         2       0       0       0       0       0       0
Total ram usage:        2 bytes
 Hardware stack levels used:    1
 Hardware stack levels required when called:    6
 This function calls:
		Nothing
 This function is called by:
		_MostraSequencia
		_jogo
 This function uses a non-reentrant model


 *************** function _GerarSequencia *****************
 Defined at:
		line 147 in file "MainGenius.c"
 Parameters:    Size  Location     Type
		None
 Auto vars:     Size  Location     Type
  random          2   26[BANK0 ] int 
  semente         2   24[BANK0 ] unsigned int 
 Return value:  Size  Location     Type
                  1    wreg      void 
 Registers used:
		wreg, fsr2l, fsr2h, status,2, status,0, tblptrl, tblptrh, tblptru, cstack
 Tracked objects:
		On entry : 
		On exit  : 
		Unchanged: 
 Data sizes:     COMRAM   BANK0   BANK1   BANK2   BANK3   BANK4   BANK5
      Params:         0       0       0       0       0       0       0
      Locals:         0       4       0       0       0       0       0
      Temps:          2       0       0       0       0       0       0
      Totals:         2       4       0       0       0       0       0
Total ram usage:        6 bytes
 Hardware stack levels used:    1
 Hardware stack levels required when called:    8
 This function calls:
		_lcd_clear
		_lcd_puts
		_rand
		_srand
 This function is called by:
		_jogo
 This function uses a non-reentrant model


 *************** function _srand *****************
 Defined at:
		line 10 in file "C:\Program Files (x86)\Microchip\xc8\v2.10\pic\sources\c99\common\rand.c"
 Parameters:    Size  Location     Type
  s               2   50[COMRAM] unsigned int 
 Auto vars:     Size  Location     Type
		None
 Return value:  Size  Location     Type
                  1    wreg      void 
 Registers used:
		wreg, status,2, status,0
 Tracked objects:
		On entry : 
		On exit  : 
		Unchanged: 
 Data sizes:     COMRAM   BANK0   BANK1   BANK2   BANK3   BANK4   BANK5
      Params:         2       0       0       0       0       0       0
      Locals:         0       0       0       0       0       0       0
      Temps:          4       0       0       0       0       0       0
      Totals:         6       0       0       0       0       0       0
Total ram usage:        6 bytes
 Hardware stack levels used:    1
 Hardware stack levels required when called:    6
 This function calls:
		Nothing
 This function is called by:
		_GerarSequencia
 This function uses a non-reentrant model


 *************** function _rand *****************
 Defined at:
		line 15 in file "C:\Program Files (x86)\Microchip\xc8\v2.10\pic\sources\c99\common\rand.c"
 Parameters:    Size  Location     Type
		None
 Auto vars:     Size  Location     Type
		None
 Return value:  Size  Location     Type
                  2   58[COMRAM] int 
 Registers used:
		wreg, fsr2l, fsr2h, status,2, status,0, cstack
 Tracked objects:
		On entry : 
		On exit  : 
		Unchanged: 
 Data sizes:     COMRAM   BANK0   BANK1   BANK2   BANK3   BANK4   BANK5
      Params:         2       0       0       0       0       0       0
      Locals:         0       0       0       0       0       0       0
      Temps:          0       8       0       0       0       0       0
      Totals:         2       8       0       0       0       0       0
Total ram usage:       10 bytes
 Hardware stack levels used:    1
 Hardware stack levels required when called:    7
 This function calls:
		___omul
 This function is called by:
		_GerarSequencia
 This function uses a non-reentrant model


 *************** function ___omul *****************
 Defined at:
		line 91 in file "C:\Program Files (x86)\Microchip\xc8\v2.10\pic\sources\c99\common\Umul64.c"
 Parameters:    Size  Location     Type
  multiplier      8    0[BANK0 ] unsigned long long 
  multiplicand    8    8[BANK0 ] unsigned long long 
 Auto vars:     Size  Location     Type
  product         8   50[COMRAM] unsigned long long 
 Return value:  Size  Location     Type
                  8    0[BANK0 ] unsigned long long 
 Registers used:
		wreg, fsr2l, fsr2h, status,2, status,0
 Tracked objects:
		On entry : 
		On exit  : 
		Unchanged: 
 Data sizes:     COMRAM   BANK0   BANK1   BANK2   BANK3   BANK4   BANK5
      Params:         0      16       0       0       0       0       0
      Locals:         8       0       0       0       0       0       0
      Temps:          0       0       0       0       0       0       0
      Totals:         8      16       0       0       0       0       0
Total ram usage:       24 bytes
 Hardware stack levels used:    1
 Hardware stack levels required when called:    6
 This function calls:
		Nothing
 This function is called by:
		_rand
 This function uses a non-reentrant model


 *************** function _lcd_puts *****************
 Defined at:
		line 62 in file "lcd.c"
 Parameters:    Size  Location     Type
  s               2   51[COMRAM] PTR const unsigned char 
		 -> STR_7(15), STR_6(14), STR_5(8), STR_4(9), 
		 -> STR_3(7), STR_2(16), STR_1(13), 
 Auto vars:     Size  Location     Type
		None
 Return value:  Size  Location     Type
                  1    wreg      void 
 Registers used:
		wreg, status,2, status,0, tblptrl, tblptrh, tblptru, cstack
 Tracked objects:
		On entry : 
		On exit  : 
		Unchanged: 
 Data sizes:     COMRAM   BANK0   BANK1   BANK2   BANK3   BANK4   BANK5
      Params:         2       0       0       0       0       0       0
      Locals:         0       0       0       0       0       0       0
      Temps:          0       0       0       0       0       0       0
      Totals:         2       0       0       0       0       0       0
Total ram usage:        2 bytes
 Hardware stack levels used:    1
 Hardware stack levels required when called:    7
 This function calls:
		_lcd_write
 This function is called by:
		_Som_Inicial
		_iniciogame
		_Som_Perdeu
		_Som_Ganhou
		_GerarSequencia
		_jogo
 This function uses a non-reentrant model


 *************** function _lcd_clear *****************
 Defined at:
		line 52 in file "lcd.c"
 Parameters:    Size  Location     Type
		None
 Auto vars:     Size  Location     Type
		None
 Return value:  Size  Location     Type
                  1    wreg      void 
 Registers used:
		wreg, status,2, cstack
 Tracked objects:
		On entry : 
		On exit  : 
		Unchanged: 
 Data sizes:     COMRAM   BANK0   BANK1   BANK2   BANK3   BANK4   BANK5
      Params:         0       0       0       0       0       0       0
      Locals:         0       0       0       0       0       0       0
      Temps:          1       0       0       0       0       0       0
      Totals:         1       0       0       0       0       0       0
Total ram usage:        1 bytes
 Hardware stack levels used:    1
 Hardware stack levels required when called:    7
 This function calls:
		_lcd_write
 This function is called by:
		_Som_Inicial
		_iniciogame
		_Som_Perdeu
		_Som_Ganhou
		_GerarSequencia
		_main
		_jogo
		_lcd_init
 This function uses a non-reentrant model


 *************** function _lcd_write *****************
 Defined at:
		line 38 in file "lcd.c"
 Parameters:    Size  Location     Type
  c               1    wreg     unsigned char 
 Auto vars:     Size  Location     Type
  c               1   50[COMRAM] unsigned char 
 Return value:  Size  Location     Type
                  1    wreg      void 
 Registers used:
		wreg, status,2, cstack
 Tracked objects:
		On entry : 
		On exit  : 
		Unchanged: 
 Data sizes:     COMRAM   BANK0   BANK1   BANK2   BANK3   BANK4   BANK5
      Params:         0       0       0       0       0       0       0
      Locals:         1       0       0       0       0       0       0
      Temps:          0       0       0       0       0       0       0
      Totals:         1       0       0       0       0       0       0
Total ram usage:        1 bytes
 Hardware stack levels used:    1
 Hardware stack levels required when called:    6
 This function calls:
		Nothing
 This function is called by:
		_lcd_clear
		_lcd_puts
		_lcd_init
		_lcd_putch
		_lcd_goto
 This function uses a non-reentrant model


 *************** function _config *****************
 Defined at:
		line 72 in file "./configura.h"
 Parameters:    Size  Location     Type
		None
 Auto vars:     Size  Location     Type
		None
 Return value:  Size  Location     Type
                  1    wreg      void 
 Registers used:
		wreg, status,2
 Tracked objects:
		On entry : 
		On exit  : 
		Unchanged: 
 Data sizes:     COMRAM   BANK0   BANK1   BANK2   BANK3   BANK4   BANK5
      Params:         0       0       0       0       0       0       0
      Locals:         0       0       0       0       0       0       0
      Temps:          0       0       0       0       0       0       0
      Totals:         0       0       0       0       0       0       0
Total ram usage:        0 bytes
 Hardware stack levels used:    1
 Hardware stack levels required when called:    6
 This function calls:
		Nothing
 This function is called by:
		_main
 This function uses a non-reentrant model


 *************** function _tmr *****************
 Defined at:
		line 305 in file "MainGenius.c"
 Parameters:    Size  Location     Type
		None
 Auto vars:     Size  Location     Type
		None
 Return value:  Size  Location     Type
                  1    wreg      void 
 Registers used:
		wreg, fsr2l, fsr2h, status,2, status,0, tblptrl, tblptrh, tblptru, cstack
 Tracked objects:
		On entry : 
		On exit  : 
		Unchanged: 
 Data sizes:     COMRAM   BANK0   BANK1   BANK2   BANK3   BANK4   BANK5
      Params:         0       0       0       0       0       0       0
      Locals:         0       0       0       0       0       0       0
      Temps:          6       0       0       0       0       0       0
      Totals:         6       0       0       0       0       0       0
Total ram usage:        6 bytes
 Hardware stack levels used:    1
 Hardware stack levels required when called:    5
 This function calls:
		i2_jogo
 This function is called by:
		Interrupt level 2
 This function uses a non-reentrant model


 *************** function i2_jogo *****************
 Defined at:
		line 211 in file "MainGenius.c"
 Parameters:    Size  Location     Type
		None
 Auto vars:     Size  Location     Type
  jogo            2   42[COMRAM] int 
 Return value:  Size  Location     Type
                  1    wreg      void 
 Registers used:
		wreg, fsr2l, fsr2h, status,2, status,0, tblptrl, tblptrh, tblptru, cstack
 Tracked objects:
		On entry : 
		On exit  : 
		Unchanged: 
 Data sizes:     COMRAM   BANK0   BANK1   BANK2   BANK3   BANK4   BANK5
      Params:         0       0       0       0       0       0       0
      Locals:         2       0       0       0       0       0       0
      Temps:          2       0       0       0       0       0       0
      Totals:         4       0       0       0       0       0       0
Total ram usage:        4 bytes
 Hardware stack levels used:    1
 Hardware stack levels required when called:    4
 This function calls:
		i2_GerarSequencia
		i2_MostraSequencia
		i2_Som_Botao1
		i2_Som_Botao2
		i2_Som_Botao3
		i2_Som_Botao4
		i2_Som_Ganhou
		i2_Som_Inicial
		i2_Som_Perdeu
		i2_VerificarSequencia
		i2_iniciogame
		i2_lcd_clear
		i2_lcd_puts
 This function is called by:
		_tmr
 This function uses a non-reentrant model


 *************** function i2_VerificarSequencia *****************
 Defined at:
		line 178 in file "MainGenius.c"
 Parameters:    Size  Location     Type
  but             2    0[COMRAM] int 
  cnt             2    2[COMRAM] int 
 Auto vars:     Size  Location     Type
		None
 Return value:  Size  Location     Type
                  1    wreg      unsigned char 
 Registers used:
		wreg, fsr2l, fsr2h, status,2, status,0
 Tracked objects:
		On entry : 
		On exit  : 
		Unchanged: 
 Data sizes:     COMRAM   BANK0   BANK1   BANK2   BANK3   BANK4   BANK5
      Params:         4       0       0       0       0       0       0
      Locals:         0       0       0       0       0       0       0
      Temps:          2       0       0       0       0       0       0
      Totals:         6       0       0       0       0       0       0
Total ram usage:        6 bytes
 Hardware stack levels used:    1
 This function calls:
		Nothing
 This function is called by:
		i2_jogo
 This function uses a non-reentrant model


 *************** function i2_Som_Perdeu *****************
 Defined at:
		line 125 in file "MainGenius.c"
 Parameters:    Size  Location     Type
		None
 Auto vars:     Size  Location     Type
		None
 Return value:  Size  Location     Type
                  1    wreg      void 
 Registers used:
		wreg, status,2, status,0, tblptrl, tblptrh, tblptru, cstack
 Tracked objects:
		On entry : 
		On exit  : 
		Unchanged: 
 Data sizes:     COMRAM   BANK0   BANK1   BANK2   BANK3   BANK4   BANK5
      Params:         0       0       0       0       0       0       0
      Locals:         0       0       0       0       0       0       0
      Temps:          2       0       0       0       0       0       0
      Totals:         2       0       0       0       0       0       0
Total ram usage:        2 bytes
 Hardware stack levels used:    1
 Hardware stack levels required when called:    3
 This function calls:
		i2_iniciogame
		i2_lcd_clear
		i2_lcd_puts
 This function is called by:
		i2_jogo
 This function uses a non-reentrant model


 *************** function i2_iniciogame *****************
 Defined at:
		line 112 in file "MainGenius.c"
 Parameters:    Size  Location     Type
		None
 Auto vars:     Size  Location     Type
		None
 Return value:  Size  Location     Type
                  1    wreg      void 
 Registers used:
		wreg, status,2, status,0, tblptrl, tblptrh, tblptru, cstack
 Tracked objects:
		On entry : 
		On exit  : 
		Unchanged: 
 Data sizes:     COMRAM   BANK0   BANK1   BANK2   BANK3   BANK4   BANK5
      Params:         0       0       0       0       0       0       0
      Locals:         0       0       0       0       0       0       0
      Temps:          1       0       0       0       0       0       0
      Totals:         1       0       0       0       0       0       0
Total ram usage:        1 bytes
 Hardware stack levels used:    1
 Hardware stack levels required when called:    2
 This function calls:
		i2_lcd_clear
		i2_lcd_puts
 This function is called by:
		i2_Som_Perdeu
		i2_jogo
 This function uses a non-reentrant model


 *************** function i2_Som_Inicial *****************
 Defined at:
		line 103 in file "MainGenius.c"
 Parameters:    Size  Location     Type
		None
 Auto vars:     Size  Location     Type
		None
 Return value:  Size  Location     Type
                  1    wreg      void 
 Registers used:
		wreg, status,2, status,0, tblptrl, tblptrh, tblptru, cstack
 Tracked objects:
		On entry : 
		On exit  : 
		Unchanged: 
 Data sizes:     COMRAM   BANK0   BANK1   BANK2   BANK3   BANK4   BANK5
      Params:         0       0       0       0       0       0       0
      Locals:         0       0       0       0       0       0       0
      Temps:          2       0       0       0       0       0       0
      Totals:         2       0       0       0       0       0       0
Total ram usage:        2 bytes
 Hardware stack levels used:    1
 Hardware stack levels required when called:    2
 This function calls:
		i2_lcd_clear
		i2_lcd_puts
 This function is called by:
		i2_jogo
 This function uses a non-reentrant model


 *************** function i2_Som_Ganhou *****************
 Defined at:
		line 136 in file "MainGenius.c"
 Parameters:    Size  Location     Type
		None
 Auto vars:     Size  Location     Type
		None
 Return value:  Size  Location     Type
                  1    wreg      void 
 Registers used:
		wreg, status,2, status,0, tblptrl, tblptrh, tblptru, cstack
 Tracked objects:
		On entry : 
		On exit  : 
		Unchanged: 
 Data sizes:     COMRAM   BANK0   BANK1   BANK2   BANK3   BANK4   BANK5
      Params:         0       0       0       0       0       0       0
      Locals:         0       0       0       0       0       0       0
      Temps:          2       0       0       0       0       0       0
      Totals:         2       0       0       0       0       0       0
Total ram usage:        2 bytes
 Hardware stack levels used:    1
 Hardware stack levels required when called:    2
 This function calls:
		i2_lcd_clear
		i2_lcd_puts
 This function is called by:
		i2_jogo
 This function uses a non-reentrant model


 *************** function i2_MostraSequencia *****************
 Defined at:
		line 161 in file "MainGenius.c"
 Parameters:    Size  Location     Type
		None
 Auto vars:     Size  Location     Type
  MostraSequen    2    4[COMRAM] int 
 Return value:  Size  Location     Type
                  1    wreg      void 
 Registers used:
		wreg, fsr2l, fsr2h, status,2, status,0, cstack
 Tracked objects:
		On entry : 
		On exit  : 
		Unchanged: 
 Data sizes:     COMRAM   BANK0   BANK1   BANK2   BANK3   BANK4   BANK5
      Params:         0       0       0       0       0       0       0
      Locals:         2       0       0       0       0       0       0
      Temps:          2       0       0       0       0       0       0
      Totals:         4       0       0       0       0       0       0
Total ram usage:        4 bytes
 Hardware stack levels used:    1
 Hardware stack levels required when called:    1
 This function calls:
		i2_Som_Botao1
		i2_Som_Botao2
		i2_Som_Botao3
		i2_Som_Botao4
 This function is called by:
		i2_jogo
 This function uses a non-reentrant model


 *************** function i2_Som_Botao4 *****************
 Defined at:
		line 96 in file "MainGenius.c"
 Parameters:    Size  Location     Type
		None
 Auto vars:     Size  Location     Type
		None
 Return value:  Size  Location     Type
                  1    wreg      void 
 Registers used:
		wreg
 Tracked objects:
		On entry : 
		On exit  : 
		Unchanged: 
 Data sizes:     COMRAM   BANK0   BANK1   BANK2   BANK3   BANK4   BANK5
      Params:         0       0       0       0       0       0       0
      Locals:         0       0       0       0       0       0       0
      Temps:          2       0       0       0       0       0       0
      Totals:         2       0       0       0       0       0       0
Total ram usage:        2 bytes
 Hardware stack levels used:    1
 This function calls:
		Nothing
 This function is called by:
		i2_MostraSequencia
		i2_jogo
 This function uses a non-reentrant model


 *************** function i2_Som_Botao3 *****************
 Defined at:
		line 89 in file "MainGenius.c"
 Parameters:    Size  Location     Type
		None
 Auto vars:     Size  Location     Type
		None
 Return value:  Size  Location     Type
                  1    wreg      void 
 Registers used:
		wreg
 Tracked objects:
		On entry : 
		On exit  : 
		Unchanged: 
 Data sizes:     COMRAM   BANK0   BANK1   BANK2   BANK3   BANK4   BANK5
      Params:         0       0       0       0       0       0       0
      Locals:         0       0       0       0       0       0       0
      Temps:          2       0       0       0       0       0       0
      Totals:         2       0       0       0       0       0       0
Total ram usage:        2 bytes
 Hardware stack levels used:    1
 This function calls:
		Nothing
 This function is called by:
		i2_MostraSequencia
		i2_jogo
 This function uses a non-reentrant model


 *************** function i2_Som_Botao2 *****************
 Defined at:
		line 82 in file "MainGenius.c"
 Parameters:    Size  Location     Type
		None
 Auto vars:     Size  Location     Type
		None
 Return value:  Size  Location     Type
                  1    wreg      void 
 Registers used:
		wreg
 Tracked objects:
		On entry : 
		On exit  : 
		Unchanged: 
 Data sizes:     COMRAM   BANK0   BANK1   BANK2   BANK3   BANK4   BANK5
      Params:         0       0       0       0       0       0       0
      Locals:         0       0       0       0       0       0       0
      Temps:          2       0       0       0       0       0       0
      Totals:         2       0       0       0       0       0       0
Total ram usage:        2 bytes
 Hardware stack levels used:    1
 This function calls:
		Nothing
 This function is called by:
		i2_MostraSequencia
		i2_jogo
 This function uses a non-reentrant model


 *************** function i2_Som_Botao1 *****************
 Defined at:
		line 75 in file "MainGenius.c"
 Parameters:    Size  Location     Type
		None
 Auto vars:     Size  Location     Type
		None
 Return value:  Size  Location     Type
                  1    wreg      void 
 Registers used:
		wreg
 Tracked objects:
		On entry : 
		On exit  : 
		Unchanged: 
 Data sizes:     COMRAM   BANK0   BANK1   BANK2   BANK3   BANK4   BANK5
      Params:         0       0       0       0       0       0       0
      Locals:         0       0       0       0       0       0       0
      Temps:          2       0       0       0       0       0       0
      Totals:         2       0       0       0       0       0       0
Total ram usage:        2 bytes
 Hardware stack levels used:    1
 This function calls:
		Nothing
 This function is called by:
		i2_MostraSequencia
		i2_jogo
 This function uses a non-reentrant model


 *************** function i2_GerarSequencia *****************
 Defined at:
		line 147 in file "MainGenius.c"
 Parameters:    Size  Location     Type
		None
 Auto vars:     Size  Location     Type
  GerarSequenc    2   38[COMRAM] int 
  GerarSequenc    2   36[COMRAM] unsigned int 
 Return value:  Size  Location     Type
                  1    wreg      void 
 Registers used:
		wreg, fsr2l, fsr2h, status,2, status,0, tblptrl, tblptrh, tblptru, cstack
 Tracked objects:
		On entry : 
		On exit  : 
		Unchanged: 
 Data sizes:     COMRAM   BANK0   BANK1   BANK2   BANK3   BANK4   BANK5
      Params:         0       0       0       0       0       0       0
      Locals:         4       0       0       0       0       0       0
      Temps:          2       0       0       0       0       0       0
      Totals:         6       0       0       0       0       0       0
Total ram usage:        6 bytes
 Hardware stack levels used:    1
 Hardware stack levels required when called:    2
 This function calls:
		i2_lcd_clear
		i2_lcd_puts
		i2_rand
		i2_srand
 This function is called by:
		i2_jogo
 This function uses a non-reentrant model


 *************** function i2_srand *****************
 Defined at:
		line 10 in file "C:\Program Files (x86)\Microchip\xc8\v2.10\pic\sources\c99\common\rand.c"
 Parameters:    Size  Location     Type
  s               2    0[COMRAM] unsigned int 
 Auto vars:     Size  Location     Type
		None
 Return value:  Size  Location     Type
                  1    wreg      void 
 Registers used:
		wreg, status,2, status,0
 Tracked objects:
		On entry : 
		On exit  : 
		Unchanged: 
 Data sizes:     COMRAM   BANK0   BANK1   BANK2   BANK3   BANK4   BANK5
      Params:         2       0       0       0       0       0       0
      Locals:         0       0       0       0       0       0       0
      Temps:          4       0       0       0       0       0       0
      Totals:         6       0       0       0       0       0       0
Total ram usage:        6 bytes
 Hardware stack levels used:    1
 This function calls:
		Nothing
 This function is called by:
		i2_GerarSequencia
 This function uses a non-reentrant model


 *************** function i2_rand *****************
 Defined at:
		line 15 in file "C:\Program Files (x86)\Microchip\xc8\v2.10\pic\sources\c99\common\rand.c"
 Parameters:    Size  Location     Type
		None
 Auto vars:     Size  Location     Type
		None
 Return value:  Size  Location     Type
                  2   24[COMRAM] int 
 Registers used:
		wreg, fsr2l, fsr2h, status,2, status,0, cstack
 Tracked objects:
		On entry : 
		On exit  : 
		Unchanged: 
 Data sizes:     COMRAM   BANK0   BANK1   BANK2   BANK3   BANK4   BANK5
      Params:         2       0       0       0       0       0       0
      Locals:         0       0       0       0       0       0       0
      Temps:          8       0       0       0       0       0       0
      Totals:        10       0       0       0       0       0       0
Total ram usage:       10 bytes
 Hardware stack levels used:    1
 Hardware stack levels required when called:    1
 This function calls:
		i2___omul
 This function is called by:
		i2_GerarSequencia
 This function uses a non-reentrant model


 *************** function i2___omul *****************
 Defined at:
		line 91 in file "C:\Program Files (x86)\Microchip\xc8\v2.10\pic\sources\c99\common\Umul64.c"
 Parameters:    Size  Location     Type
  multiplier      8    0[COMRAM] unsigned long long 
  multiplicand    8    8[COMRAM] unsigned long long 
 Auto vars:     Size  Location     Type
  __omul          8   16[COMRAM] unsigned long long 
 Return value:  Size  Location     Type
                  8    0[COMRAM] unsigned long long 
 Registers used:
		wreg, fsr2l, fsr2h, status,2, status,0
 Tracked objects:
		On entry : 
		On exit  : 
		Unchanged: 
 Data sizes:     COMRAM   BANK0   BANK1   BANK2   BANK3   BANK4   BANK5
      Params:        16       0       0       0       0       0       0
      Locals:         8       0       0       0       0       0       0
      Temps:          0       0       0       0       0       0       0
      Totals:        24       0       0       0       0       0       0
Total ram usage:       24 bytes
 Hardware stack levels used:    1
 This function calls:
		Nothing
 This function is called by:
		i2_rand
 This function uses a non-reentrant model


 *************** function i2_lcd_puts *****************
 Defined at:
		line 62 in file "lcd.c"
 Parameters:    Size  Location     Type
  s               2    1[COMRAM] PTR const unsigned char 
		 -> STR_7(15), STR_6(14), STR_5(8), STR_4(9), 
		 -> STR_3(7), STR_2(16), STR_1(13), 
 Auto vars:     Size  Location     Type
		None
 Return value:  Size  Location     Type
                  1    wreg      void 
 Registers used:
		wreg, status,2, status,0, tblptrl, tblptrh, tblptru, cstack
 Tracked objects:
		On entry : 
		On exit  : 
		Unchanged: 
 Data sizes:     COMRAM   BANK0   BANK1   BANK2   BANK3   BANK4   BANK5
      Params:         2       0       0       0       0       0       0
      Locals:         0       0       0       0       0       0       0
      Temps:          0       0       0       0       0       0       0
      Totals:         2       0       0       0       0       0       0
Total ram usage:        2 bytes
 Hardware stack levels used:    1
 Hardware stack levels required when called:    1
 This function calls:
		i2_lcd_write
 This function is called by:
		i2_Som_Inicial
		i2_iniciogame
		i2_Som_Perdeu
		i2_Som_Ganhou
		i2_GerarSequencia
		i2_jogo
 This function uses a non-reentrant model


 *************** function i2_lcd_clear *****************
 Defined at:
		line 52 in file "lcd.c"
 Parameters:    Size  Location     Type
		None
 Auto vars:     Size  Location     Type
		None
 Return value:  Size  Location     Type
                  1    wreg      void 
 Registers used:
		wreg, status,2, cstack
 Tracked objects:
		On entry : 
		On exit  : 
		Unchanged: 
 Data sizes:     COMRAM   BANK0   BANK1   BANK2   BANK3   BANK4   BANK5
      Params:         0       0       0       0       0       0       0
      Locals:         0       0       0       0       0       0       0
      Temps:          1       0       0       0       0       0       0
      Totals:         1       0       0       0       0       0       0
Total ram usage:        1 bytes
 Hardware stack levels used:    1
 Hardware stack levels required when called:    1
 This function calls:
		i2_lcd_write
 This function is called by:
		i2_Som_Inicial
		i2_iniciogame
		i2_Som_Perdeu
		i2_Som_Ganhou
		i2_GerarSequencia
		i2_jogo
 This function uses a non-reentrant model


 *************** function i2_lcd_write *****************
 Defined at:
		line 38 in file "lcd.c"
 Parameters:    Size  Location     Type
  c               1    wreg     unsigned char 
 Auto vars:     Size  Location     Type
  c               1    0[COMRAM] unsigned char 
 Return value:  Size  Location     Type
                  1    wreg      void 
 Registers used:
		wreg, status,2, cstack
 Tracked objects:
		On entry : 
		On exit  : 
		Unchanged: 
 Data sizes:     COMRAM   BANK0   BANK1   BANK2   BANK3   BANK4   BANK5
      Params:         0       0       0       0       0       0       0
      Locals:         1       0       0       0       0       0       0
      Temps:          0       0       0       0       0       0       0
      Totals:         1       0       0       0       0       0       0
Total ram usage:        1 bytes
 Hardware stack levels used:    1
 This function calls:
		Nothing
 This function is called by:
		i2_lcd_clear
		i2_lcd_puts
 This function uses a non-reentrant model



MODULE INFORMATION

Module		Function		Class		Link	Load	Size
C:\Program Files (x86)\Microchip\xc8\v2.10\pic\sources\c99\common\rand.c
		_srand         		CODE           	1532	0000	47
		_rand          		CODE           	0B6E	0000	225

C:\Program Files (x86)\Microchip\xc8\v2.10\pic\sources\c99\common\rand.c estimated size: 272

./configura.h
		_config        		CODE           	12C0	0000	67

./configura.h estimated size: 67

shared
		i2___omul      		CODE           	0F6E	0000	159
		i2_iniciogame  		CODE           	1274	0000	77
		i2_Som_Ganhou  		CODE           	133E	0000	61
		i2_rand        		CODE           	0C4E	0000	221
		display@tabela 		SMALLCONST     	0601	0000	17
		i2_VerificarSequencia		CODE           	14FE	0000	53
		i2_Som_Perdeu  		CODE           	1422	0000	57
		__initialization		CODE           	11CE	0000	73
		i2_Som_Inicial 		CODE           	145A	0000	57
		i2_lcd_write   		CODE           	16E2	0000	21
		i2_Som_Botao1  		CODE           	1680	0000	31
		i2_Som_Botao2  		CODE           	1662	0000	31
		i2_Som_Botao3  		CODE           	1644	0000	31
		i2_Som_Botao4  		CODE           	1626	0000	31
		i2_jogo        		CODE           	08F4	0000	635
		i2_srand       		CODE           	1560	0000	47
		i2_lcd_puts    		CODE           	1492	0000	57
		i2_MostraSequencia		CODE           	0DFC	0000	211
		i2_lcd_clear   		CODE           	16B6	0000	25
		i2_GerarSequencia		CODE           	10FE	0000	111

shared estimated size: 2006

lcd.c
		_lcd_puts      		CODE           	13EA	0000	57
		_lcd_clear     		CODE           	169E	0000	25
		_lcd_write     		CODE           	16CE	0000	21
		_lcd_init      		CODE           	116C	0000	99

lcd.c estimated size: 202

C:\Program Files (x86)\Microchip\xc8\v2.10\pic\sources\c99\common\Umul64.c
		___omul        		CODE           	0ECE	0000	161

C:\Program Files (x86)\Microchip\xc8\v2.10\pic\sources\c99\common\Umul64.c estimated size: 161

MainGenius.c
		_Som_Perdeu    		CODE           	137A	0000	57
		_GerarSequencia		CODE           	108E	0000	113
		_VerificarSequencia		CODE           	14CA	0000	53
		_main          		CODE           	158E	0000	33
		_Som_Ganhou    		CODE           	1302	0000	61
		_Som_Botao1    		CODE           	1608	0000	31
		_Som_Botao2    		CODE           	15EA	0000	31
		_Som_Botao3    		CODE           	15CC	0000	31
		_Som_Botao4    		CODE           	15AE	0000	31
		_tmr           		CODE           	0008	0000	137
		_jogo          		CODE           	0664	0000	657
		_iniciogame    		CODE           	1228	0000	77
		_MostraSequencia		CODE           	0D2A	0000	211
		_Som_Inicial   		CODE           	13B2	0000	57

MainGenius.c estimated size: 1580

