Microchip MPLAB XC8 Compiler V2.10 ()

Linker command line:

-W-3 --edf=C:\Program Files (x86)\Microchip\xc8\v2.10\pic\dat\en_msgs.txt \
  -cs -h+dist/default/production\GeniusBICA.X.production.sym \
  --cmf=dist/default/production\GeniusBICA.X.production.cmf -z -Q18F4520 \
  -oC:\Users\atafa\AppData\Local\Temp\s898.2 --defsym=__MPLAB_BUILD=1 \
  -Mdist/default/production/GeniusBICA.X.production.map -E1 -ver=XC8 \
  --acfsm=1493 -ASTACK=0B4h-05FFh -pstack=STACK -ACODE=00h-07FFFh \
  -ACONST=00h-07FFFh -ASMALLCONST=0600h-06FFhx122 \
  -AMEDIUMCONST=0600h-07FFFh -ACOMRAM=01h-07Fh -AABS1=00h-05FFh \
  -ABIGRAM=01h-05FFh -ARAM=080h-0FFh,0100h-01FFhx5 -ABANK0=080h-0FFh \
  -ABANK1=0100h-01FFh -ABANK2=0200h-02FFh -ABANK3=0300h-03FFh \
  -ABANK4=0400h-04FFh -ABANK5=0500h-05FFh -ASFR=0F80h-0FFFh \
  -preset_vec=00h,intcode=08h,intcodelo,powerup,init -pramtop=0600h \
  -psmallconst=SMALLCONST -pmediumconst=MEDIUMCONST -pconst=CONST \
  -AFARRAM=00h-00h -ACONFIG=0300000h-030000Dh -pconfig=CONFIG \
  -AIDLOC=0200000h-0200007h -pidloc=IDLOC -AEEDATA=0F00000h-0F000FFh \
  -peeprom_data=EEDATA \
  -prdata=COMRAM,nvrram=COMRAM,nvbit=COMRAM,rbss=COMRAM,rbit=COMRAM \
  -pfarbss=FARRAM,fardata=FARRAM,nvFARRAM=FARRAM \
  -pintsave_regs=BIGRAM,bigbss=BIGRAM,bigdata=BIGRAM -pbss=RAM \
  -pidata=CODE,irdata=CODE,ibigdata=CODE,ifardata=CODE -prparam=COMRAM \
  C:\Users\atafa\AppData\Local\Temp\s898.o \
  dist/default/production\GeniusBICA.X.production.o 

Object code version is 3.11

Machine type is 18F4520

Call graph: (short form)




                Name                               Link     Load   Length Selector   Space Scale
C:\Users\atafa\AppData\Local\Temp\s898.o
                init                                  E        E        4        4       0
                reset_vec                             0        0        4        0       0
                idloc                            200000   200000        8   200000       0
                config                           300000   300000        E   300000       0
dist/default/production\GeniusBICA.X.production.o
                intcode                               8        8        6        4       0
                temp                                 4B       4B        1        1       1
                smallconst                          600      600       80      300       0
                text43                             179A     179A       14      340       0
                text42                             1742     1742       18      340       0
                text41                             151C     151C       38      340       0
                text40                             1042     1042       9E      340       0
                text39                              C7A      C7A       DC      340       0
                text38                             15EA     15EA       2E      340       0
                text37                             1154     1154       6E      340       0
                text36                             170C     170C       1E      340       0
                text35                             16EE     16EE       1E      340       0
                text34                             16D0     16D0       1E      340       0
                text33                             16B2     16B2       1E      340       0
                text32                              E28      E28       D2      340       0
                text31                             17BC     17BC        E      340       0
                text30                             136C     136C       4E      340       0
                text29                             1770     1770       16      340       0
                text28                             14E4     14E4       38      340       0
                text27                             12CE     12CE       50      340       0
                text26                             1438     1438       3C      340       0
                text25                             1588     1588       34      340       0
                text24                              918      918      282      340       0
                intcode_body                        EFA      EFA       A8      340       0
                text22                             13BA     13BA       42      340       0
                text21                             1786     1786       14      340       0
                text20                             172A     172A       18      340       0
                text19                             14AC     14AC       38      340       0
                text18                              FA2      FA2       A0      340       0
                text17                              B9A      B9A       E0      340       0
                text16                             15BC     15BC       2E      340       0
                text15                             10E0     10E0       74      340       0
                text14                             1694     1694       1E      340       0
                text13                             1676     1676       1E      340       0
                text12                             1658     1658       1E      340       0
                text11                             163A     163A       1E      340       0
                text10                              D56      D56       D2      340       0
                text9                              17AE     17AE        E      340       0
                text8                              131E     131E       4E      340       0
                text7                              175A     175A       16      340       0
                text6                              1474     1474       38      340       0
                text5                              127E     127E       50      340       0
                text4                              13FC     13FC       3C      340       0
                text3                              1554     1554       34      340       0
                text2                               680      680      298      340       0
                text1                              11C2     11C2       62      340       0
                text0                              1618     1618       22      340       0
                cstackCOMRAM                          1        1       3C        1       1
                cstackBANK0                          80       80       24       80       1
                dataBANK0                            B2       B2        2       80       1
                bssBANK0                             A4       A4        E       80       1
                dataCOMRAM                           49       49        2        1       1
                bssCOMRAM                            3D       3D        C        1       1
                cinit                              1224     1224       5A      340       0
                idataBANK0                         17CC     17CC        2      340       0
                idataCOMRAM                        17CA     17CA        2      340       0

TOTAL           Name                               Link     Load   Length     Space
        CLASS   STACK          

        CLASS   CODE           
                intcode                               8        8        6         0
                init                                  E        E        4         0
                reset_vec                             0        0        4         0
                text43                             179A     179A       14         0
                text42                             1742     1742       18         0
                text41                             151C     151C       38         0
                text40                             1042     1042       9E         0
                text39                              C7A      C7A       DC         0
                text38                             15EA     15EA       2E         0
                text37                             1154     1154       6E         0
                text36                             170C     170C       1E         0
                text35                             16EE     16EE       1E         0
                text34                             16D0     16D0       1E         0
                text33                             16B2     16B2       1E         0
                text32                              E28      E28       D2         0
                text31                             17BC     17BC        E         0
                text30                             136C     136C       4E         0
                text29                             1770     1770       16         0
                text28                             14E4     14E4       38         0
                text27                             12CE     12CE       50         0
                text26                             1438     1438       3C         0
                text25                             1588     1588       34         0
                text24                              918      918      282         0
                intcode_body                        EFA      EFA       A8         0
                text22                             13BA     13BA       42         0
                text21                             1786     1786       14         0
                text20                             172A     172A       18         0
                text19                             14AC     14AC       38         0
                text18                              FA2      FA2       A0         0
                text17                              B9A      B9A       E0         0
                text16                             15BC     15BC       2E         0
                text15                             10E0     10E0       74         0
                text14                             1694     1694       1E         0
                text13                             1676     1676       1E         0
                text12                             1658     1658       1E         0
                text11                             163A     163A       1E         0
                text10                              D56      D56       D2         0
                text9                              17AE     17AE        E         0
                text8                              131E     131E       4E         0
                text7                              175A     175A       16         0
                text6                              1474     1474       38         0
                text5                              127E     127E       50         0
                text4                              13FC     13FC       3C         0
                text3                              1554     1554       34         0
                text2                               680      680      298         0
                text1                              11C2     11C2       62         0
                text0                              1618     1618       22         0
                cinit                              1224     1224       5A         0
                idataBANK0                         17CC     17CC        2         0
                idataCOMRAM                        17CA     17CA        2         0

        CLASS   CONST          

        CLASS   SMALLCONST     
                smallconst                          600      600       80         0

        CLASS   MEDIUMCONST    

        CLASS   COMRAM         
                temp                                 4B       4B        1         1
                cstackCOMRAM                          1        1       3C         1
                dataCOMRAM                           49       49        2         1
                bssCOMRAM                            3D       3D        C         1

        CLASS   ABS1           

        CLASS   BIGRAM         

        CLASS   RAM            

        CLASS   BANK0          
                cstackBANK0                          80       80       24         1
                dataBANK0                            B2       B2        2         1
                bssBANK0                             A4       A4        E         1

        CLASS   BANK1          

        CLASS   BANK2          

        CLASS   BANK3          

        CLASS   BANK4          

        CLASS   BANK5          

        CLASS   SFR            

        CLASS   FARRAM         

        CLASS   CONFIG         
                config                           300000   300000        E         0

        CLASS   IDLOC          
                idloc                            200000   200000        8         0

        CLASS   EEDATA         



SEGMENTS        Name                           Load    Length   Top    Selector   Space  Class

                reset_vec                      000000  000004  000004         0       0  CODE    
                cstackCOMRAM                   000001  00004B  00004C         1       1  COMRAM  
                intcode                        000008  00000A  000012         4       0  CODE    
                cstackBANK0                    000080  000034  0000B4        80       1  BANK0   
                smallconst                     000600  000080  000680       300       0  SMALLCON
                text2                          000680  00114E  0017CE       340       0  CODE    
                idloc                          200000  000008  200008    200000       0  IDLOC   
                config                         300000  00000E  30000E    300000       0  CONFIG  


UNUSED ADDRESS RANGES

        Name                Unused          Largest block    Delta
        BANK0            0000B4-0000FF               4C
        BANK1            000100-0001FF              100
        BANK2            000200-0002FF              100
        BANK3            000300-0003FF              100
        BANK4            000400-0004FF              100
        BANK5            000500-0005FF              100
        BIGRAM           00004C-00007F               34
                         0000B4-0005FF              54C
        CODE             000004-000007                4
                         000012-0005FF              5EE
                         0017CE-007FFF             6832
        COMRAM           00004C-00007F               34
        CONST            000004-000007                4
                         000012-0005FF              5EE
                         0017CE-007FFF             6832
        EEDATA           F00000-F000FF              100
        MEDIUMCONST      0017CE-007FFF             6832
        RAM              0000B4-0005FF              100
        SFR              000F80-000FFF               80
        SMALLCONST       0017CE-007FFF              100
        STACK            0000B4-0005FF              54C

                                  Symbol Table

?___omul                       cstackBANK0  000080
?_rand                         cstackBANK0  000090
?i2___omul                     cstackCOMRAM 000001
?i2_rand                       cstackCOMRAM 000019
GerarSequencia@random          cstackBANK0  00009E
GerarSequencia@semente         cstackBANK0  00009C
MostraSequencia@i              cstackCOMRAM 000039
VerificarSequencia@but         cstackCOMRAM 000035
VerificarSequencia@cnt         cstackCOMRAM 000037
_ADCON0                        (abs)        000FC2
_ADCON1                        (abs)        000FC1
_ADCON2                        (abs)        000FC0
_BAUDCON                       (abs)        000FB8
_GIE                           (abs)        007F97
_GerarSequencia                text15       0010E0
_INTCON                        (abs)        000FF2
_IPEN                          (abs)        007E87
_LATA5                         (abs)        007C4D
_LE0                           (abs)        007C68
_LE1                           (abs)        007C69
_Memoria1                      bssBANK0     0000A4
_MostraSequencia               text10       000D56
_OSCCON                        (abs)        000FD3
_PORTB                         (abs)        000F81
_PORTBbits                     (abs)        000F81
_PORTCbits                     (abs)        000F82
_PORTD                         (abs)        000F83
_PORTE                         (abs)        000F84
_RCIE                          (abs)        007CED
_RCIF                          (abs)        007CF5
_RCIP                          (abs)        007CFD
_RCREG                         (abs)        000FAE
_RCSTA                         (abs)        000FAB
_SPBRG                         (abs)        000FAF
_Som_Botao1                    text14       001694
_Som_Botao2                    text13       001676
_Som_Botao3                    text12       001658
_Som_Botao4                    text11       00163A
_Som_Ganhou                    text8        00131E
_Som_Inicial                   text6        001474
_Som_Perdeu                    text4        0013FC
_T0CON                         (abs)        000FD5
_TMR0H                         (abs)        000FD7
_TMR0L                         (abs)        000FD6
_TRISA                         (abs)        000F92
_TRISB                         (abs)        000F93
_TRISC                         (abs)        000F94
_TRISD                         (abs)        000F95
_TRISE                         (abs)        000F96
_TXIF                          (abs)        007CF4
_TXREG                         (abs)        000FAD
_TXSTA                         (abs)        000FAC
_VerificarSequencia            text3        001554
__CFG_BOREN$SBORDIS            (abs)        000000
__CFG_BORV$3                   (abs)        000000
__CFG_CCP2MX$PORTC             (abs)        000000
__CFG_CP0$OFF                  (abs)        000000
__CFG_CP1$OFF                  (abs)        000000
__CFG_CP2$OFF                  (abs)        000000
__CFG_CP3$OFF                  (abs)        000000
__CFG_CPB$OFF                  (abs)        000000
__CFG_CPD$OFF                  (abs)        000000
__CFG_EBTR0$OFF                (abs)        000000
__CFG_EBTR1$OFF                (abs)        000000
__CFG_EBTR2$OFF                (abs)        000000
__CFG_EBTR3$OFF                (abs)        000000
__CFG_EBTRB$OFF                (abs)        000000
__CFG_FCMEN$OFF                (abs)        000000
__CFG_IESO$OFF                 (abs)        000000
__CFG_LPT1OSC$OFF              (abs)        000000
__CFG_LVP$OFF                  (abs)        000000
__CFG_MCLRE$ON                 (abs)        000000
__CFG_OSC$INTIO67              (abs)        000000
__CFG_PBADEN$OFF               (abs)        000000
__CFG_PWRT$OFF                 (abs)        000000
__CFG_STVREN$ON                (abs)        000000
__CFG_WDT$OFF                  (abs)        000000
__CFG_WDTPS$32768              (abs)        000000
__CFG_WRT0$OFF                 (abs)        000000
__CFG_WRT1$OFF                 (abs)        000000
__CFG_WRT2$OFF                 (abs)        000000
__CFG_WRT3$OFF                 (abs)        000000
__CFG_WRTB$OFF                 (abs)        000000
__CFG_WRTC$OFF                 (abs)        000000
__CFG_WRTD$OFF                 (abs)        000000
__CFG_XINST$OFF                (abs)        000000
__HRAM                         (abs)        000000
__Habs1                        abs1         000000
__Hbank0                       bank0        000000
__Hbank1                       bank1        000000
__Hbank2                       bank2        000000
__Hbank3                       bank3        000000
__Hbank4                       bank4        000000
__Hbank5                       bank5        000000
__Hbigbss                      bigbss       000000
__Hbigdata                     bigdata      000000
__Hbigram                      bigram       000000
__Hbss                         bss          000000
__HbssBANK0                    bssBANK0     000000
__HbssCOMRAM                   bssCOMRAM    000000
__Hcinit                       cinit        000000
__Hclrtext                     clrtext      000000
__Hcomram                      comram       000000
__Hconfig                      config       30000E
__Hconst                       const        000000
__HcstackBANK0                 cstackBANK0  000000
__HcstackCOMRAM                cstackCOMRAM 000000
__Hdata                        data         000000
__HdataBANK0                   dataBANK0    000000
__HdataCOMRAM                  dataCOMRAM   000000
__Heeprom_data                 eeprom_data  000000
__Hfarbss                      farbss       000000
__Hfardata                     fardata      000000
__Hibigdata                    ibigdata     000000
__Hidata                       idata        000000
__HidataBANK0                  idataBANK0   000000
__HidataCOMRAM                 idataCOMRAM  000000
__Hidloc                       idloc        200008
__Hifardata                    ifardata     000000
__Hinit                        init         000012
__Hintcode                     intcode      00000E
__Hintcode_body                intcode_body 000000
__Hintcodelo                   intcodelo    00000E
__Hintentry                    intentry     000000
__Hintret                      intret       000000
__Hintsave_regs                intsave_regs 000000
__Hirdata                      irdata       000000
__Hmediumconst                 mediumconst  000000
__HnvFARRAM                    nvFARRAM     000000
__Hnvbit                       nvbit        000000
__Hnvrram                      nvrram       000000
__Hparam                       rparam       000000
__Hpowerup                     powerup      00000E
__Hram                         ram          000000
__Hramtop                      ramtop       000600
__Hrbit                        rbit         000000
__Hrbss                        rbss         000000
__Hrdata                       rdata        000000
__Hreset_vec                   reset_vec    000004
__Hrparam                      rparam       000000
__Hsfr                         sfr          000000
__Hsmallconst                  smallconst   000680
__Hspace_0                     (abs)        30000E
__Hspace_1                     (abs)        0000B4
__Hspace_2                     (abs)        000000
__Hstack                       stack        000000
__Hstruct                      struct       000000
__Htemp                        temp         00004C
__Htext                        text         000000
__Htext0                       text0        000000
__Htext1                       text1        000000
__Htext10                      text10       000000
__Htext11                      text11       000000
__Htext12                      text12       000000
__Htext13                      text13       000000
__Htext14                      text14       000000
__Htext15                      text15       000000
__Htext16                      text16       000000
__Htext17                      text17       000000
__Htext18                      text18       000000
__Htext19                      text19       000000
__Htext2                       text2        000000
__Htext20                      text20       000000
__Htext21                      text21       000000
__Htext22                      text22       000000
__Htext24                      text24       000000
__Htext25                      text25       000000
__Htext26                      text26       000000
__Htext27                      text27       000000
__Htext28                      text28       000000
__Htext29                      text29       000000
__Htext3                       text3        000000
__Htext30                      text30       000000
__Htext31                      text31       000000
__Htext32                      text32       000000
__Htext33                      text33       000000
__Htext34                      text34       000000
__Htext35                      text35       000000
__Htext36                      text36       000000
__Htext37                      text37       000000
__Htext38                      text38       000000
__Htext39                      text39       000000
__Htext4                       text4        000000
__Htext40                      text40       000000
__Htext41                      text41       000000
__Htext42                      text42       000000
__Htext43                      text43       000000
__Htext5                       text5        000000
__Htext6                       text6        000000
__Htext7                       text7        000000
__Htext8                       text8        000000
__Htext9                       text9        000000
__LRAM                         (abs)        000001
__Labs1                        abs1         000000
__Lbank0                       bank0        000000
__Lbank1                       bank1        000000
__Lbank2                       bank2        000000
__Lbank3                       bank3        000000
__Lbank4                       bank4        000000
__Lbank5                       bank5        000000
__Lbigbss                      bigbss       000000
__Lbigdata                     bigdata      000000
__Lbigram                      bigram       000000
__Lbss                         bss          000000
__LbssBANK0                    bssBANK0     000000
__LbssCOMRAM                   bssCOMRAM    000000
__Lcinit                       cinit        000000
__Lclrtext                     clrtext      000000
__Lcomram                      comram       000000
__Lconfig                      config       300000
__Lconst                       const        000000
__LcstackBANK0                 cstackBANK0  000000
__LcstackCOMRAM                cstackCOMRAM 000000
__Ldata                        data         000000
__LdataBANK0                   dataBANK0    000000
__LdataCOMRAM                  dataCOMRAM   000000
__Leeprom_data                 eeprom_data  000000
__Lfarbss                      farbss       000000
__Lfardata                     fardata      000000
__Libigdata                    ibigdata     000000
__Lidata                       idata        000000
__LidataBANK0                  idataBANK0   000000
__LidataCOMRAM                 idataCOMRAM  000000
__Lidloc                       idloc        200000
__Lifardata                    ifardata     000000
__Linit                        init         00000E
__Lintcode                     intcode      000008
__Lintcode_body                intcode_body 000000
__Lintcodelo                   intcodelo    00000E
__Lintentry                    intentry     000000
__Lintret                      intret       000000
__Lintsave_regs                intsave_regs 000000
__Lirdata                      irdata       000000
__Lmediumconst                 mediumconst  000000
__LnvFARRAM                    nvFARRAM     000000
__Lnvbit                       nvbit        000000
__Lnvrram                      nvrram       000000
__Lparam                       rparam       000000
__Lpowerup                     powerup      00000E
__Lram                         ram          000000
__Lramtop                      ramtop       000600
__Lrbit                        rbit         000000
__Lrbss                        rbss         000000
__Lrdata                       rdata        000000
__Lreset_vec                   reset_vec    000000
__Lrparam                      rparam       000000
__Lsfr                         sfr          000000
__Lsmallconst                  smallconst   000600
__Lspace_0                     (abs)        000000
__Lspace_1                     (abs)        000000
__Lspace_2                     (abs)        000000
__Lstack                       stack        000000
__Lstruct                      struct       000000
__Ltemp                        temp         00004B
__Ltext                        text         000000
__Ltext0                       text0        000000
__Ltext1                       text1        000000
__Ltext10                      text10       000000
__Ltext11                      text11       000000
__Ltext12                      text12       000000
__Ltext13                      text13       000000
__Ltext14                      text14       000000
__Ltext15                      text15       000000
__Ltext16                      text16       000000
__Ltext17                      text17       000000
__Ltext18                      text18       000000
__Ltext19                      text19       000000
__Ltext2                       text2        000000
__Ltext20                      text20       000000
__Ltext21                      text21       000000
__Ltext22                      text22       000000
__Ltext24                      text24       000000
__Ltext25                      text25       000000
__Ltext26                      text26       000000
__Ltext27                      text27       000000
__Ltext28                      text28       000000
__Ltext29                      text29       000000
__Ltext3                       text3        000000
__Ltext30                      text30       000000
__Ltext31                      text31       000000
__Ltext32                      text32       000000
__Ltext33                      text33       000000
__Ltext34                      text34       000000
__Ltext35                      text35       000000
__Ltext36                      text36       000000
__Ltext37                      text37       000000
__Ltext38                      text38       000000
__Ltext39                      text39       000000
__Ltext4                       text4        000000
__Ltext40                      text40       000000
__Ltext41                      text41       000000
__Ltext42                      text42       000000
__Ltext43                      text43       000000
__Ltext5                       text5        000000
__Ltext6                       text6        000000
__Ltext7                       text7        000000
__Ltext8                       text8        000000
__Ltext9                       text9        000000
__S0                           (abs)        30000E
__S1                           (abs)        0000B4
__S2                           (abs)        000000
___inthi_sp                    stack        000000
___intlo_sp                    stack        000000
___omul                        text18       000FA2
___omul@multiplicand           cstackBANK0  000088
___omul@multiplier             cstackBANK0  000080
___omul@product                cstackCOMRAM 000035
___param_bank                  (abs)        000000
___rparam_used                 (abs)        000001
___sp                          stack        000000
__accesstop                    (abs)        000080
__activetblptr                 (abs)        000001
__end_of_GerarSequencia        text15       001154
__end_of_MostraSequencia       text10       000E28
__end_of_Som_Botao1            text14       0016B2
__end_of_Som_Botao2            text13       001694
__end_of_Som_Botao3            text12       001676
__end_of_Som_Botao4            text11       001658
__end_of_Som_Ganhou            text8        00136C
__end_of_Som_Inicial           text6        0014AC
__end_of_Som_Perdeu            text4        001438
__end_of_VerificarSequencia    text3        001588
__end_of___omul                text18       001042
__end_of__initialization       cinit        00126C
__end_of_config                text22       0013FC
__end_of_envia                 text7        001770
__end_of_iniciogame            text5        0012CE
__end_of_jogo                  text2        000918
__end_of_lcd_clear             text20       001742
__end_of_lcd_goto              text9        0017BC
__end_of_lcd_init              text1        001224
__end_of_lcd_puts              text19       0014E4
__end_of_lcd_write             text21       00179A
__end_of_main                  text0        00163A
__end_of_rand                  text17       000C7A
__end_of_srand                 text16       0015EA
__end_of_tmr                   intcode_body 000FA2
__end_ofi2_GerarSequencia      text37       0011C2
__end_ofi2_MostraSequencia     text32       000EFA
__end_ofi2_Som_Botao1          text36       00172A
__end_ofi2_Som_Botao2          text35       00170C
__end_ofi2_Som_Botao3          text34       0016EE
__end_ofi2_Som_Botao4          text33       0016D0
__end_ofi2_Som_Ganhou          text30       0013BA
__end_ofi2_Som_Inicial         text28       00151C
__end_ofi2_Som_Perdeu          text26       001474
__end_ofi2_VerificarSequencia  text25       0015BC
__end_ofi2___omul              text40       0010E0
__end_ofi2_envia               text29       001786
__end_ofi2_iniciogame          text27       00131E
__end_ofi2_jogo                text24       000B9A
__end_ofi2_lcd_clear           text42       00175A
__end_ofi2_lcd_goto            text31       0017CA
__end_ofi2_lcd_puts            text41       001554
__end_ofi2_lcd_write           text43       0017AE
__end_ofi2_rand                text39       000D56
__end_ofi2_srand               text38       001618
__initialization               cinit        001224
__mediumconst                  mediumconst  000000
__pbssBANK0                    bssBANK0     0000A4
__pbssCOMRAM                   bssCOMRAM    00003D
__pcinit                       cinit        001224
__pcstackBANK0                 cstackBANK0  000080
__pcstackCOMRAM                cstackCOMRAM 000001
__pdataBANK0                   dataBANK0    0000B2
__pdataCOMRAM                  dataCOMRAM   000049
__pidataBANK0                  idataBANK0   0017CC
__pidataCOMRAM                 idataCOMRAM  0017CA
__pintcode                     intcode      000008
__pintcode_body                intcode_body 000EFA
__psmallconst                  smallconst   000600
__ptext0                       text0        001618
__ptext1                       text1        0011C2
__ptext10                      text10       000D56
__ptext11                      text11       00163A
__ptext12                      text12       001658
__ptext13                      text13       001676
__ptext14                      text14       001694
__ptext15                      text15       0010E0
__ptext16                      text16       0015BC
__ptext17                      text17       000B9A
__ptext18                      text18       000FA2
__ptext19                      text19       0014AC
__ptext2                       text2        000680
__ptext20                      text20       00172A
__ptext21                      text21       001786
__ptext22                      text22       0013BA
__ptext24                      text24       000918
__ptext25                      text25       001588
__ptext26                      text26       001438
__ptext27                      text27       0012CE
__ptext28                      text28       0014E4
__ptext29                      text29       001770
__ptext3                       text3        001554
__ptext30                      text30       00136C
__ptext31                      text31       0017BC
__ptext32                      text32       000E28
__ptext33                      text33       0016B2
__ptext34                      text34       0016D0
__ptext35                      text35       0016EE
__ptext36                      text36       00170C
__ptext37                      text37       001154
__ptext38                      text38       0015EA
__ptext39                      text39       000C7A
__ptext4                       text4        0013FC
__ptext40                      text40       001042
__ptext41                      text41       00151C
__ptext42                      text42       001742
__ptext43                      text43       00179A
__ptext5                       text5        00127E
__ptext6                       text6        001474
__ptext7                       text7        00175A
__ptext8                       text8        00131E
__ptext9                       text9        0017AE
__ramtop                       ramtop       000600
__size_of_GerarSequencia       (abs)        000000
__size_of_MostraSequencia      (abs)        000000
__size_of_Som_Botao1           (abs)        000000
__size_of_Som_Botao2           (abs)        000000
__size_of_Som_Botao3           (abs)        000000
__size_of_Som_Botao4           (abs)        000000
__size_of_Som_Ganhou           (abs)        000000
__size_of_Som_Inicial          (abs)        000000
__size_of_Som_Perdeu           (abs)        000000
__size_of_VerificarSequencia   (abs)        000000
__size_of___omul               (abs)        000000
__size_of_config               (abs)        000000
__size_of_envia                (abs)        000000
__size_of_iniciogame           (abs)        000000
__size_of_jogo                 (abs)        000000
__size_of_lcd_clear            (abs)        000000
__size_of_lcd_goto             (abs)        000000
__size_of_lcd_init             (abs)        000000
__size_of_lcd_puts             (abs)        000000
__size_of_lcd_write            (abs)        000000
__size_of_main                 (abs)        000000
__size_of_rand                 (abs)        000000
__size_of_srand                (abs)        000000
__size_of_tmr                  (abs)        000000
__size_ofi2_GerarSequencia     (abs)        000000
__size_ofi2_MostraSequencia    (abs)        000000
__size_ofi2_Som_Botao1         (abs)        000000
__size_ofi2_Som_Botao2         (abs)        000000
__size_ofi2_Som_Botao3         (abs)        000000
__size_ofi2_Som_Botao4         (abs)        000000
__size_ofi2_Som_Ganhou         (abs)        000000
__size_ofi2_Som_Inicial        (abs)        000000
__size_ofi2_Som_Perdeu         (abs)        000000
__size_ofi2_VerificarSequencia (abs)        000000
__size_ofi2___omul             (abs)        000000
__size_ofi2_envia              (abs)        000000
__size_ofi2_iniciogame         (abs)        000000
__size_ofi2_jogo               (abs)        000000
__size_ofi2_lcd_clear          (abs)        000000
__size_ofi2_lcd_goto           (abs)        000000
__size_ofi2_lcd_puts           (abs)        000000
__size_ofi2_lcd_write          (abs)        000000
__size_ofi2_rand               (abs)        000000
__size_ofi2_srand              (abs)        000000
__smallconst                   smallconst   000600
_config                        text22       0013BA
_envia                         text7        00175A
_flag                          dataCOMRAM   000049
_inicio                        bssCOMRAM    00003D
_iniciogame                    text5        00127E
_jogo                          text2        000680
_lcd_clear                     text20       00172A
_lcd_goto                      text9        0017AE
_lcd_init                      text1        0011C2
_lcd_puts                      text19       0014AC
_lcd_write                     text21       001786
_level                         dataBANK0    0000B2
_main                          text0        001618
_pos                           bssBANK0     0000B0
_rand                          text17       000B9A
_seed                          bssCOMRAM    000041
_srand                         text16       0015BC
_temp                          bssCOMRAM    00003F
_tmr                           intcode      000008
btemp                          temp         00004B
end_of_initialization          cinit        00126C
i2GerarSequencia@random        cstackCOMRAM 000027
i2GerarSequencia@semente       cstackCOMRAM 000025
i2MostraSequencia@i            cstackCOMRAM 000005
i2VerificarSequencia@but       cstackCOMRAM 000001
i2VerificarSequencia@cnt       cstackCOMRAM 000003
i2_GerarSequencia              text37       001154
i2_MostraSequencia             text32       000E28
i2_Som_Botao1                  text36       00170C
i2_Som_Botao2                  text35       0016EE
i2_Som_Botao3                  text34       0016D0
i2_Som_Botao4                  text33       0016B2
i2_Som_Ganhou                  text30       00136C
i2_Som_Inicial                 text28       0014E4
i2_Som_Perdeu                  text26       001438
i2_VerificarSequencia          text25       001588
i2___omul                      text40       001042
i2___omul@multiplicand         cstackCOMRAM 000009
i2___omul@multiplier           cstackCOMRAM 000001
i2___omul@product              cstackCOMRAM 000011
i2_envia                       text29       001770
i2_iniciogame                  text27       0012CE
i2_jogo                        text24       000918
i2_lcd_clear                   text42       001742
i2_lcd_goto                    text31       0017BC
i2_lcd_puts                    text41       00151C
i2_lcd_write                   text43       00179A
i2_rand                        text39       000C7A
i2_srand                       text38       0015EA
i2jogo@flags                   cstackCOMRAM 00002B
i2lcd_goto@pos                 cstackCOMRAM 000002
i2lcd_puts@s                   cstackCOMRAM 000002
i2lcd_write@c                  cstackCOMRAM 000001
i2srand@s                      cstackCOMRAM 000001
int$flags                      temp         00004B
int_func                       intcode_body 000EFA
intlevel0                      text         000000
intlevel1                      text         000000
intlevel2                      text         000000
intlevel3                      text         000000
jogo@flags                     cstackBANK0  0000A2
lcd_goto@pos                   cstackCOMRAM 000036
lcd_puts@s                     cstackCOMRAM 000036
lcd_write@c                    cstackCOMRAM 000035
srand@s                        cstackCOMRAM 000035
stackhi                        (abs)        0005FF
stacklo                        (abs)        0000B4
start                          init         00000E
start_initialization           cinit        001224
ttemp5                         temp         00004C
ttemp6                         temp         00004F
ttemp7                         temp         000053
wtemp8                         temp         00004C


FUNCTION INFORMATION:

 *************** function _main *****************
 Defined at:
		line 167 in file "MainGenius.c"
 Parameters:    Size  Location     Type
		None
 Auto vars:     Size  Location     Type
		None
 Return value:  Size  Location     Type
                  1    wreg      void 
 Registers used:
		wreg, fsr2l, fsr2h, status,2, status,0, tblptrl, tblptrh, tblptru, cstack
 Tracked objects:
		On entry : 
		On exit  : 
		Unchanged: 
 Data sizes:     COMRAM   BANK0   BANK1   BANK2   BANK3   BANK4   BANK5
      Params:         0       0       0       0       0       0       0
      Locals:         0       0       0       0       0       0       0
      Temps:          0       0       0       0       0       0       0
      Totals:         0       0       0       0       0       0       0
Total ram usage:        0 bytes
 Hardware stack levels required when called:   13
 This function calls:
		_config
		_jogo
		_lcd_clear
		_lcd_init
 This function is called by:
		Startup code after reset
 This function uses a non-reentrant model


 *************** function _lcd_init *****************
 Defined at:
		line 92 in file "lcd.c"
 Parameters:    Size  Location     Type
		None
 Auto vars:     Size  Location     Type
  init_value      1    0        unsigned char 
 Return value:  Size  Location     Type
                  1    wreg      void 
 Registers used:
		wreg, status,2, cstack
 Tracked objects:
		On entry : 
		On exit  : 
		Unchanged: 
 Data sizes:     COMRAM   BANK0   BANK1   BANK2   BANK3   BANK4   BANK5
      Params:         0       0       0       0       0       0       0
      Locals:         1       0       0       0       0       0       0
      Temps:          1       0       0       0       0       0       0
      Totals:         2       0       0       0       0       0       0
Total ram usage:        2 bytes
 Hardware stack levels used:    1
 Hardware stack levels required when called:    9
 This function calls:
		_lcd_clear
		_lcd_write
 This function is called by:
		_main
 This function uses a non-reentrant model


 *************** function _jogo *****************
 Defined at:
		line 181 in file "MainGenius.c"
 Parameters:    Size  Location     Type
		None
 Auto vars:     Size  Location     Type
  flags           2   34[BANK0 ] int 
 Return value:  Size  Location     Type
                  1    wreg      void 
 Registers used:
		wreg, fsr2l, fsr2h, status,2, status,0, tblptrl, tblptrh, tblptru, cstack
 Tracked objects:
		On entry : 
		On exit  : 
		Unchanged: 
 Data sizes:     COMRAM   BANK0   BANK1   BANK2   BANK3   BANK4   BANK5
      Params:         0       0       0       0       0       0       0
      Locals:         0       2       0       0       0       0       0
      Temps:          0       2       0       0       0       0       0
      Totals:         0       4       0       0       0       0       0
Total ram usage:        4 bytes
 Hardware stack levels used:    1
 Hardware stack levels required when called:   12
 This function calls:
		_GerarSequencia
		_MostraSequencia
		_Som_Botao1
		_Som_Botao2
		_Som_Botao3
		_Som_Botao4
		_Som_Ganhou
		_Som_Perdeu
		_VerificarSequencia
		_envia
		_iniciogame
		_lcd_clear
		_lcd_puts
 This function is called by:
		_main
 This function uses a non-reentrant model


 *************** function _VerificarSequencia *****************
 Defined at:
		line 155 in file "MainGenius.c"
 Parameters:    Size  Location     Type
  but             2   52[COMRAM] int 
  cnt             2   54[COMRAM] int 
 Auto vars:     Size  Location     Type
		None
 Return value:  Size  Location     Type
                  1    wreg      unsigned char 
 Registers used:
		wreg, fsr2l, fsr2h, status,2, status,0
 Tracked objects:
		On entry : 
		On exit  : 
		Unchanged: 
 Data sizes:     COMRAM   BANK0   BANK1   BANK2   BANK3   BANK4   BANK5
      Params:         4       0       0       0       0       0       0
      Locals:         0       0       0       0       0       0       0
      Temps:          2       0       0       0       0       0       0
      Totals:         6       0       0       0       0       0       0
Total ram usage:        6 bytes
 Hardware stack levels used:    1
 Hardware stack levels required when called:    7
 This function calls:
		Nothing
 This function is called by:
		_jogo
 This function uses a non-reentrant model


 *************** function _Som_Perdeu *****************
 Defined at:
		line 97 in file "MainGenius.c"
 Parameters:    Size  Location     Type
		None
 Auto vars:     Size  Location     Type
		None
 Return value:  Size  Location     Type
                  1    wreg      void 
 Registers used:
		wreg, status,2, status,0, tblptrl, tblptrh, tblptru, cstack
 Tracked objects:
		On entry : 
		On exit  : 
		Unchanged: 
 Data sizes:     COMRAM   BANK0   BANK1   BANK2   BANK3   BANK4   BANK5
      Params:         0       0       0       0       0       0       0
      Locals:         0       0       0       0       0       0       0
      Temps:          2       0       0       0       0       0       0
      Totals:         2       0       0       0       0       0       0
Total ram usage:        2 bytes
 Hardware stack levels used:    1
 Hardware stack levels required when called:   11
 This function calls:
		_envia
		_iniciogame
		_lcd_clear
		_lcd_puts
 This function is called by:
		_jogo
 This function uses a non-reentrant model


 *************** function _iniciogame *****************
 Defined at:
		line 82 in file "MainGenius.c"
 Parameters:    Size  Location     Type
		None
 Auto vars:     Size  Location     Type
		None
 Return value:  Size  Location     Type
                  1    wreg      void 
 Registers used:
		wreg, status,2, status,0, tblptrl, tblptrh, tblptru, cstack
 Tracked objects:
		On entry : 
		On exit  : 
		Unchanged: 
 Data sizes:     COMRAM   BANK0   BANK1   BANK2   BANK3   BANK4   BANK5
      Params:         0       0       0       0       0       0       0
      Locals:         0       0       0       0       0       0       0
      Temps:          1       0       0       0       0       0       0
      Totals:         1       0       0       0       0       0       0
Total ram usage:        1 bytes
 Hardware stack levels used:    1
 Hardware stack levels required when called:   10
 This function calls:
		_Som_Inicial
		_lcd_clear
		_lcd_puts
 This function is called by:
		_Som_Perdeu
		_jogo
 This function uses a non-reentrant model


 *************** function _Som_Inicial *****************
 Defined at:
		line 73 in file "MainGenius.c"
 Parameters:    Size  Location     Type
		None
 Auto vars:     Size  Location     Type
		None
 Return value:  Size  Location     Type
                  1    wreg      void 
 Registers used:
		wreg, status,2, status,0, tblptrl, tblptrh, tblptru, cstack
 Tracked objects:
		On entry : 
		On exit  : 
		Unchanged: 
 Data sizes:     COMRAM   BANK0   BANK1   BANK2   BANK3   BANK4   BANK5
      Params:         0       0       0       0       0       0       0
      Locals:         0       0       0       0       0       0       0
      Temps:          2       0       0       0       0       0       0
      Totals:         2       0       0       0       0       0       0
Total ram usage:        2 bytes
 Hardware stack levels used:    1
 Hardware stack levels required when called:    9
 This function calls:
		_lcd_clear
		_lcd_puts
 This function is called by:
		_iniciogame
 This function uses a non-reentrant model


 *************** function _envia *****************
 Defined at:
		line 38 in file "MainGenius.c"
 Parameters:    Size  Location     Type
		None
 Auto vars:     Size  Location     Type
		None
 Return value:  Size  Location     Type
                  1    wreg      void 
 Registers used:
		wreg, status,2, status,0
 Tracked objects:
		On entry : 
		On exit  : 
		Unchanged: 
 Data sizes:     COMRAM   BANK0   BANK1   BANK2   BANK3   BANK4   BANK5
      Params:         0       0       0       0       0       0       0
      Locals:         0       0       0       0       0       0       0
      Temps:          0       0       0       0       0       0       0
      Totals:         0       0       0       0       0       0       0
Total ram usage:        0 bytes
 Hardware stack levels used:    1
 Hardware stack levels required when called:    7
 This function calls:
		Nothing
 This function is called by:
		_Som_Perdeu
		_jogo
 This function uses a non-reentrant model


 *************** function _Som_Ganhou *****************
 Defined at:
		line 111 in file "MainGenius.c"
 Parameters:    Size  Location     Type
		None
 Auto vars:     Size  Location     Type
		None
 Return value:  Size  Location     Type
                  1    wreg      void 
 Registers used:
		wreg, status,2, status,0, tblptrl, tblptrh, tblptru, cstack
 Tracked objects:
		On entry : 
		On exit  : 
		Unchanged: 
 Data sizes:     COMRAM   BANK0   BANK1   BANK2   BANK3   BANK4   BANK5
      Params:         0       0       0       0       0       0       0
      Locals:         0       0       0       0       0       0       0
      Temps:          2       0       0       0       0       0       0
      Totals:         2       0       0       0       0       0       0
Total ram usage:        2 bytes
 Hardware stack levels used:    1
 Hardware stack levels required when called:    9
 This function calls:
		_lcd_clear
		_lcd_goto
		_lcd_puts
 This function is called by:
		_jogo
 This function uses a non-reentrant model


 *************** function _lcd_goto *****************
 Defined at:
		line 84 in file "lcd.c"
 Parameters:    Size  Location     Type
  pos             1    wreg     unsigned char 
 Auto vars:     Size  Location     Type
  pos             1   53[COMRAM] unsigned char 
 Return value:  Size  Location     Type
                  1    wreg      void 
 Registers used:
		wreg, status,2, status,0, cstack
 Tracked objects:
		On entry : 
		On exit  : 
		Unchanged: 
 Data sizes:     COMRAM   BANK0   BANK1   BANK2   BANK3   BANK4   BANK5
      Params:         0       0       0       0       0       0       0
      Locals:         1       0       0       0       0       0       0
      Temps:          0       0       0       0       0       0       0
      Totals:         1       0       0       0       0       0       0
Total ram usage:        1 bytes
 Hardware stack levels used:    1
 Hardware stack levels required when called:    8
 This function calls:
		_lcd_write
 This function is called by:
		_Som_Ganhou
 This function uses a non-reentrant model


 *************** function _MostraSequencia *****************
 Defined at:
		line 138 in file "MainGenius.c"
 Parameters:    Size  Location     Type
		None
 Auto vars:     Size  Location     Type
  i               2   56[COMRAM] int 
 Return value:  Size  Location     Type
                  1    wreg      void 
 Registers used:
		wreg, fsr2l, fsr2h, status,2, status,0, cstack
 Tracked objects:
		On entry : 
		On exit  : 
		Unchanged: 
 Data sizes:     COMRAM   BANK0   BANK1   BANK2   BANK3   BANK4   BANK5
      Params:         0       0       0       0       0       0       0
      Locals:         2       0       0       0       0       0       0
      Temps:          2       0       0       0       0       0       0
      Totals:         4       0       0       0       0       0       0
Total ram usage:        4 bytes
 Hardware stack levels used:    1
 Hardware stack levels required when called:    8
 This function calls:
		_Som_Botao1
		_Som_Botao2
		_Som_Botao3
		_Som_Botao4
 This function is called by:
		_jogo
 This function uses a non-reentrant model


 *************** function _Som_Botao4 *****************
 Defined at:
		line 66 in file "MainGenius.c"
 Parameters:    Size  Location     Type
		None
 Auto vars:     Size  Location     Type
		None
 Return value:  Size  Location     Type
                  1    wreg      void 
 Registers used:
		wreg
 Tracked objects:
		On entry : 
		On exit  : 
		Unchanged: 
 Data sizes:     COMRAM   BANK0   BANK1   BANK2   BANK3   BANK4   BANK5
      Params:         0       0       0       0       0       0       0
      Locals:         0       0       0       0       0       0       0
      Temps:          2       0       0       0       0       0       0
      Totals:         2       0       0       0       0       0       0
Total ram usage:        2 bytes
 Hardware stack levels used:    1
 Hardware stack levels required when called:    7
 This function calls:
		Nothing
 This function is called by:
		_MostraSequencia
		_jogo
 This function uses a non-reentrant model


 *************** function _Som_Botao3 *****************
 Defined at:
		line 59 in file "MainGenius.c"
 Parameters:    Size  Location     Type
		None
 Auto vars:     Size  Location     Type
		None
 Return value:  Size  Location     Type
                  1    wreg      void 
 Registers used:
		wreg
 Tracked objects:
		On entry : 
		On exit  : 
		Unchanged: 
 Data sizes:     COMRAM   BANK0   BANK1   BANK2   BANK3   BANK4   BANK5
      Params:         0       0       0       0       0       0       0
      Locals:         0       0       0       0       0       0       0
      Temps:          2       0       0       0       0       0       0
      Totals:         2       0       0       0       0       0       0
Total ram usage:        2 bytes
 Hardware stack levels used:    1
 Hardware stack levels required when called:    7
 This function calls:
		Nothing
 This function is called by:
		_MostraSequencia
		_jogo
 This function uses a non-reentrant model


 *************** function _Som_Botao2 *****************
 Defined at:
		line 52 in file "MainGenius.c"
 Parameters:    Size  Location     Type
		None
 Auto vars:     Size  Location     Type
		None
 Return value:  Size  Location     Type
                  1    wreg      void 
 Registers used:
		wreg
 Tracked objects:
		On entry : 
		On exit  : 
		Unchanged: 
 Data sizes:     COMRAM   BANK0   BANK1   BANK2   BANK3   BANK4   BANK5
      Params:         0       0       0       0       0       0       0
      Locals:         0       0       0       0       0       0       0
      Temps:          2       0       0       0       0       0       0
      Totals:         2       0       0       0       0       0       0
Total ram usage:        2 bytes
 Hardware stack levels used:    1
 Hardware stack levels required when called:    7
 This function calls:
		Nothing
 This function is called by:
		_MostraSequencia
		_jogo
 This function uses a non-reentrant model


 *************** function _Som_Botao1 *****************
 Defined at:
		line 45 in file "MainGenius.c"
 Parameters:    Size  Location     Type
		None
 Auto vars:     Size  Location     Type
		None
 Return value:  Size  Location     Type
                  1    wreg      void 
 Registers used:
		wreg
 Tracked objects:
		On entry : 
		On exit  : 
		Unchanged: 
 Data sizes:     COMRAM   BANK0   BANK1   BANK2   BANK3   BANK4   BANK5
      Params:         0       0       0       0       0       0       0
      Locals:         0       0       0       0       0       0       0
      Temps:          2       0       0       0       0       0       0
      Totals:         2       0       0       0       0       0       0
Total ram usage:        2 bytes
 Hardware stack levels used:    1
 Hardware stack levels required when called:    7
 This function calls:
		Nothing
 This function is called by:
		_MostraSequencia
		_jogo
 This function uses a non-reentrant model


 *************** function _GerarSequencia *****************
 Defined at:
		line 124 in file "MainGenius.c"
 Parameters:    Size  Location     Type
		None
 Auto vars:     Size  Location     Type
  random          2   30[BANK0 ] int 
  semente         2   28[BANK0 ] unsigned int 
 Return value:  Size  Location     Type
                  1    wreg      void 
 Registers used:
		wreg, fsr2l, fsr2h, status,2, status,0, tblptrl, tblptrh, tblptru, cstack
 Tracked objects:
		On entry : 
		On exit  : 
		Unchanged: 
 Data sizes:     COMRAM   BANK0   BANK1   BANK2   BANK3   BANK4   BANK5
      Params:         0       0       0       0       0       0       0
      Locals:         0       4       0       0       0       0       0
      Temps:          0       2       0       0       0       0       0
      Totals:         0       6       0       0       0       0       0
Total ram usage:        6 bytes
 Hardware stack levels used:    1
 Hardware stack levels required when called:    9
 This function calls:
		_lcd_clear
		_lcd_puts
		_rand
		_srand
 This function is called by:
		_jogo
 This function uses a non-reentrant model


 *************** function _srand *****************
 Defined at:
		line 10 in file "C:\Program Files (x86)\Microchip\xc8\v2.10\pic\sources\c99\common\rand.c"
 Parameters:    Size  Location     Type
  s               2   52[COMRAM] unsigned int 
 Auto vars:     Size  Location     Type
		None
 Return value:  Size  Location     Type
                  1    wreg      void 
 Registers used:
		wreg, status,2, status,0
 Tracked objects:
		On entry : 
		On exit  : 
		Unchanged: 
 Data sizes:     COMRAM   BANK0   BANK1   BANK2   BANK3   BANK4   BANK5
      Params:         2       0       0       0       0       0       0
      Locals:         0       0       0       0       0       0       0
      Temps:          4       0       0       0       0       0       0
      Totals:         6       0       0       0       0       0       0
Total ram usage:        6 bytes
 Hardware stack levels used:    1
 Hardware stack levels required when called:    7
 This function calls:
		Nothing
 This function is called by:
		_GerarSequencia
 This function uses a non-reentrant model


 *************** function _rand *****************
 Defined at:
		line 15 in file "C:\Program Files (x86)\Microchip\xc8\v2.10\pic\sources\c99\common\rand.c"
 Parameters:    Size  Location     Type
		None
 Auto vars:     Size  Location     Type
		None
 Return value:  Size  Location     Type
                  2   16[BANK0 ] int 
 Registers used:
		wreg, fsr2l, fsr2h, status,2, status,0, cstack
 Tracked objects:
		On entry : 
		On exit  : 
		Unchanged: 
 Data sizes:     COMRAM   BANK0   BANK1   BANK2   BANK3   BANK4   BANK5
      Params:         0       2       0       0       0       0       0
      Locals:         0       0       0       0       0       0       0
      Temps:          0       8       0       0       0       0       0
      Totals:         0      10       0       0       0       0       0
Total ram usage:       10 bytes
 Hardware stack levels used:    1
 Hardware stack levels required when called:    8
 This function calls:
		___omul
 This function is called by:
		_GerarSequencia
 This function uses a non-reentrant model


 *************** function ___omul *****************
 Defined at:
		line 91 in file "C:\Program Files (x86)\Microchip\xc8\v2.10\pic\sources\c99\common\Umul64.c"
 Parameters:    Size  Location     Type
  multiplier      8    0[BANK0 ] unsigned long long 
  multiplicand    8    8[BANK0 ] unsigned long long 
 Auto vars:     Size  Location     Type
  product         8   52[COMRAM] unsigned long long 
 Return value:  Size  Location     Type
                  8    0[BANK0 ] unsigned long long 
 Registers used:
		wreg, fsr2l, fsr2h, status,2, status,0
 Tracked objects:
		On entry : 
		On exit  : 
		Unchanged: 
 Data sizes:     COMRAM   BANK0   BANK1   BANK2   BANK3   BANK4   BANK5
      Params:         0      16       0       0       0       0       0
      Locals:         8       0       0       0       0       0       0
      Temps:          0       0       0       0       0       0       0
      Totals:         8      16       0       0       0       0       0
Total ram usage:       24 bytes
 Hardware stack levels used:    1
 Hardware stack levels required when called:    7
 This function calls:
		Nothing
 This function is called by:
		_rand
 This function uses a non-reentrant model


 *************** function _lcd_puts *****************
 Defined at:
		line 62 in file "lcd.c"
 Parameters:    Size  Location     Type
  s               2   53[COMRAM] PTR const unsigned char 
		 -> STR_9(15), STR_8(15), STR_7(20), STR_6(8), 
		 -> STR_5(17), STR_4(15), STR_3(7), STR_2(16), 
		 -> STR_1(13), 
 Auto vars:     Size  Location     Type
		None
 Return value:  Size  Location     Type
                  1    wreg      void 
 Registers used:
		wreg, status,2, status,0, tblptrl, tblptrh, tblptru, cstack
 Tracked objects:
		On entry : 
		On exit  : 
		Unchanged: 
 Data sizes:     COMRAM   BANK0   BANK1   BANK2   BANK3   BANK4   BANK5
      Params:         2       0       0       0       0       0       0
      Locals:         0       0       0       0       0       0       0
      Temps:          0       0       0       0       0       0       0
      Totals:         2       0       0       0       0       0       0
Total ram usage:        2 bytes
 Hardware stack levels used:    1
 Hardware stack levels required when called:    8
 This function calls:
		_lcd_write
 This function is called by:
		_Som_Inicial
		_iniciogame
		_Som_Perdeu
		_Som_Ganhou
		_GerarSequencia
		_jogo
 This function uses a non-reentrant model


 *************** function _lcd_clear *****************
 Defined at:
		line 52 in file "lcd.c"
 Parameters:    Size  Location     Type
		None
 Auto vars:     Size  Location     Type
		None
 Return value:  Size  Location     Type
                  1    wreg      void 
 Registers used:
		wreg, status,2, cstack
 Tracked objects:
		On entry : 
		On exit  : 
		Unchanged: 
 Data sizes:     COMRAM   BANK0   BANK1   BANK2   BANK3   BANK4   BANK5
      Params:         0       0       0       0       0       0       0
      Locals:         0       0       0       0       0       0       0
      Temps:          1       0       0       0       0       0       0
      Totals:         1       0       0       0       0       0       0
Total ram usage:        1 bytes
 Hardware stack levels used:    1
 Hardware stack levels required when called:    8
 This function calls:
		_lcd_write
 This function is called by:
		_Som_Inicial
		_iniciogame
		_Som_Perdeu
		_Som_Ganhou
		_GerarSequencia
		_main
		_jogo
		_lcd_init
 This function uses a non-reentrant model


 *************** function _lcd_write *****************
 Defined at:
		line 38 in file "lcd.c"
 Parameters:    Size  Location     Type
  c               1    wreg     unsigned char 
 Auto vars:     Size  Location     Type
  c               1   52[COMRAM] unsigned char 
 Return value:  Size  Location     Type
                  1    wreg      void 
 Registers used:
		wreg, status,2, cstack
 Tracked objects:
		On entry : 
		On exit  : 
		Unchanged: 
 Data sizes:     COMRAM   BANK0   BANK1   BANK2   BANK3   BANK4   BANK5
      Params:         0       0       0       0       0       0       0
      Locals:         1       0       0       0       0       0       0
      Temps:          0       0       0       0       0       0       0
      Totals:         1       0       0       0       0       0       0
Total ram usage:        1 bytes
 Hardware stack levels used:    1
 Hardware stack levels required when called:    7
 This function calls:
		Nothing
 This function is called by:
		_lcd_clear
		_lcd_puts
		_lcd_goto
		_lcd_init
		_lcd_putch
 This function uses a non-reentrant model


 *************** function _config *****************
 Defined at:
		line 72 in file "./configura.h"
 Parameters:    Size  Location     Type
		None
 Auto vars:     Size  Location     Type
		None
 Return value:  Size  Location     Type
                  1    wreg      void 
 Registers used:
		wreg, status,2
 Tracked objects:
		On entry : 
		On exit  : 
		Unchanged: 
 Data sizes:     COMRAM   BANK0   BANK1   BANK2   BANK3   BANK4   BANK5
      Params:         0       0       0       0       0       0       0
      Locals:         0       0       0       0       0       0       0
      Temps:          0       0       0       0       0       0       0
      Totals:         0       0       0       0       0       0       0
Total ram usage:        0 bytes
 Hardware stack levels used:    1
 Hardware stack levels required when called:    7
 This function calls:
		Nothing
 This function is called by:
		_main
 This function uses a non-reentrant model


 *************** function _tmr *****************
 Defined at:
		line 279 in file "MainGenius.c"
 Parameters:    Size  Location     Type
		None
 Auto vars:     Size  Location     Type
		None
 Return value:  Size  Location     Type
                  1    wreg      void 
 Registers used:
		wreg, fsr2l, fsr2h, status,2, status,0, tblptrl, tblptrh, tblptru, cstack
 Tracked objects:
		On entry : 
		On exit  : 
		Unchanged: 
 Data sizes:     COMRAM   BANK0   BANK1   BANK2   BANK3   BANK4   BANK5
      Params:         0       0       0       0       0       0       0
      Locals:         0       0       0       0       0       0       0
      Temps:          8       0       0       0       0       0       0
      Totals:         8       0       0       0       0       0       0
Total ram usage:        8 bytes
 Hardware stack levels used:    1
 Hardware stack levels required when called:    6
 This function calls:
		i2_jogo
		i2_lcd_clear
		i2_lcd_puts
 This function is called by:
		Interrupt level 2
 This function uses a non-reentrant model


 *************** function i2_jogo *****************
 Defined at:
		line 181 in file "MainGenius.c"
 Parameters:    Size  Location     Type
		None
 Auto vars:     Size  Location     Type
  jogo            2   42[COMRAM] int 
 Return value:  Size  Location     Type
                  1    wreg      void 
 Registers used:
		wreg, fsr2l, fsr2h, status,2, status,0, tblptrl, tblptrh, tblptru, cstack
 Tracked objects:
		On entry : 
		On exit  : 
		Unchanged: 
 Data sizes:     COMRAM   BANK0   BANK1   BANK2   BANK3   BANK4   BANK5
      Params:         0       0       0       0       0       0       0
      Locals:         2       0       0       0       0       0       0
      Temps:          2       0       0       0       0       0       0
      Totals:         4       0       0       0       0       0       0
Total ram usage:        4 bytes
 Hardware stack levels used:    1
 Hardware stack levels required when called:    5
 This function calls:
		i2_GerarSequencia
		i2_MostraSequencia
		i2_Som_Botao1
		i2_Som_Botao2
		i2_Som_Botao3
		i2_Som_Botao4
		i2_Som_Ganhou
		i2_Som_Perdeu
		i2_VerificarSequencia
		i2_envia
		i2_iniciogame
		i2_lcd_clear
		i2_lcd_puts
 This function is called by:
		_tmr
 This function uses a non-reentrant model


 *************** function i2_VerificarSequencia *****************
 Defined at:
		line 155 in file "MainGenius.c"
 Parameters:    Size  Location     Type
  but             2    0[COMRAM] int 
  cnt             2    2[COMRAM] int 
 Auto vars:     Size  Location     Type
		None
 Return value:  Size  Location     Type
                  1    wreg      unsigned char 
 Registers used:
		wreg, fsr2l, fsr2h, status,2, status,0
 Tracked objects:
		On entry : 
		On exit  : 
		Unchanged: 
 Data sizes:     COMRAM   BANK0   BANK1   BANK2   BANK3   BANK4   BANK5
      Params:         4       0       0       0       0       0       0
      Locals:         0       0       0       0       0       0       0
      Temps:          2       0       0       0       0       0       0
      Totals:         6       0       0       0       0       0       0
Total ram usage:        6 bytes
 Hardware stack levels used:    1
 This function calls:
		Nothing
 This function is called by:
		i2_jogo
 This function uses a non-reentrant model


 *************** function i2_Som_Perdeu *****************
 Defined at:
		line 97 in file "MainGenius.c"
 Parameters:    Size  Location     Type
		None
 Auto vars:     Size  Location     Type
		None
 Return value:  Size  Location     Type
                  1    wreg      void 
 Registers used:
		wreg, status,2, status,0, tblptrl, tblptrh, tblptru, cstack
 Tracked objects:
		On entry : 
		On exit  : 
		Unchanged: 
 Data sizes:     COMRAM   BANK0   BANK1   BANK2   BANK3   BANK4   BANK5
      Params:         0       0       0       0       0       0       0
      Locals:         0       0       0       0       0       0       0
      Temps:          2       0       0       0       0       0       0
      Totals:         2       0       0       0       0       0       0
Total ram usage:        2 bytes
 Hardware stack levels used:    1
 Hardware stack levels required when called:    4
 This function calls:
		i2_envia
		i2_iniciogame
		i2_lcd_clear
		i2_lcd_puts
 This function is called by:
		i2_jogo
 This function uses a non-reentrant model


 *************** function i2_iniciogame *****************
 Defined at:
		line 82 in file "MainGenius.c"
 Parameters:    Size  Location     Type
		None
 Auto vars:     Size  Location     Type
		None
 Return value:  Size  Location     Type
                  1    wreg      void 
 Registers used:
		wreg, status,2, status,0, tblptrl, tblptrh, tblptru, cstack
 Tracked objects:
		On entry : 
		On exit  : 
		Unchanged: 
 Data sizes:     COMRAM   BANK0   BANK1   BANK2   BANK3   BANK4   BANK5
      Params:         0       0       0       0       0       0       0
      Locals:         0       0       0       0       0       0       0
      Temps:          1       0       0       0       0       0       0
      Totals:         1       0       0       0       0       0       0
Total ram usage:        1 bytes
 Hardware stack levels used:    1
 Hardware stack levels required when called:    3
 This function calls:
		i2_Som_Inicial
		i2_lcd_clear
		i2_lcd_puts
 This function is called by:
		i2_Som_Perdeu
		i2_jogo
 This function uses a non-reentrant model


 *************** function i2_Som_Inicial *****************
 Defined at:
		line 73 in file "MainGenius.c"
 Parameters:    Size  Location     Type
		None
 Auto vars:     Size  Location     Type
		None
 Return value:  Size  Location     Type
                  1    wreg      void 
 Registers used:
		wreg, status,2, status,0, tblptrl, tblptrh, tblptru, cstack
 Tracked objects:
		On entry : 
		On exit  : 
		Unchanged: 
 Data sizes:     COMRAM   BANK0   BANK1   BANK2   BANK3   BANK4   BANK5
      Params:         0       0       0       0       0       0       0
      Locals:         0       0       0       0       0       0       0
      Temps:          2       0       0       0       0       0       0
      Totals:         2       0       0       0       0       0       0
Total ram usage:        2 bytes
 Hardware stack levels used:    1
 Hardware stack levels required when called:    2
 This function calls:
		i2_lcd_clear
		i2_lcd_puts
 This function is called by:
		i2_iniciogame
 This function uses a non-reentrant model


 *************** function i2_envia *****************
 Defined at:
		line 38 in file "MainGenius.c"
 Parameters:    Size  Location     Type
		None
 Auto vars:     Size  Location     Type
		None
 Return value:  Size  Location     Type
                  1    wreg      void 
 Registers used:
		wreg, status,2, status,0
 Tracked objects:
		On entry : 
		On exit  : 
		Unchanged: 
 Data sizes:     COMRAM   BANK0   BANK1   BANK2   BANK3   BANK4   BANK5
      Params:         0       0       0       0       0       0       0
      Locals:         0       0       0       0       0       0       0
      Temps:          0       0       0       0       0       0       0
      Totals:         0       0       0       0       0       0       0
Total ram usage:        0 bytes
 Hardware stack levels used:    1
 This function calls:
		Nothing
 This function is called by:
		i2_Som_Perdeu
		i2_jogo
 This function uses a non-reentrant model


 *************** function i2_Som_Ganhou *****************
 Defined at:
		line 111 in file "MainGenius.c"
 Parameters:    Size  Location     Type
		None
 Auto vars:     Size  Location     Type
		None
 Return value:  Size  Location     Type
                  1    wreg      void 
 Registers used:
		wreg, status,2, status,0, tblptrl, tblptrh, tblptru, cstack
 Tracked objects:
		On entry : 
		On exit  : 
		Unchanged: 
 Data sizes:     COMRAM   BANK0   BANK1   BANK2   BANK3   BANK4   BANK5
      Params:         0       0       0       0       0       0       0
      Locals:         0       0       0       0       0       0       0
      Temps:          2       0       0       0       0       0       0
      Totals:         2       0       0       0       0       0       0
Total ram usage:        2 bytes
 Hardware stack levels used:    1
 Hardware stack levels required when called:    2
 This function calls:
		i2_lcd_clear
		i2_lcd_goto
		i2_lcd_puts
 This function is called by:
		i2_jogo
 This function uses a non-reentrant model


 *************** function i2_lcd_goto *****************
 Defined at:
		line 84 in file "lcd.c"
 Parameters:    Size  Location     Type
  pos             1    wreg     unsigned char 
 Auto vars:     Size  Location     Type
  pos             1    1[COMRAM] unsigned char 
 Return value:  Size  Location     Type
                  1    wreg      void 
 Registers used:
		wreg, status,2, status,0, cstack
 Tracked objects:
		On entry : 
		On exit  : 
		Unchanged: 
 Data sizes:     COMRAM   BANK0   BANK1   BANK2   BANK3   BANK4   BANK5
      Params:         0       0       0       0       0       0       0
      Locals:         1       0       0       0       0       0       0
      Temps:          0       0       0       0       0       0       0
      Totals:         1       0       0       0       0       0       0
Total ram usage:        1 bytes
 Hardware stack levels used:    1
 Hardware stack levels required when called:    1
 This function calls:
		i2_lcd_write
 This function is called by:
		i2_Som_Ganhou
 This function uses a non-reentrant model


 *************** function i2_MostraSequencia *****************
 Defined at:
		line 138 in file "MainGenius.c"
 Parameters:    Size  Location     Type
		None
 Auto vars:     Size  Location     Type
  MostraSequen    2    4[COMRAM] int 
 Return value:  Size  Location     Type
                  1    wreg      void 
 Registers used:
		wreg, fsr2l, fsr2h, status,2, status,0, cstack
 Tracked objects:
		On entry : 
		On exit  : 
		Unchanged: 
 Data sizes:     COMRAM   BANK0   BANK1   BANK2   BANK3   BANK4   BANK5
      Params:         0       0       0       0       0       0       0
      Locals:         2       0       0       0       0       0       0
      Temps:          2       0       0       0       0       0       0
      Totals:         4       0       0       0       0       0       0
Total ram usage:        4 bytes
 Hardware stack levels used:    1
 Hardware stack levels required when called:    1
 This function calls:
		i2_Som_Botao1
		i2_Som_Botao2
		i2_Som_Botao3
		i2_Som_Botao4
 This function is called by:
		i2_jogo
 This function uses a non-reentrant model


 *************** function i2_Som_Botao4 *****************
 Defined at:
		line 66 in file "MainGenius.c"
 Parameters:    Size  Location     Type
		None
 Auto vars:     Size  Location     Type
		None
 Return value:  Size  Location     Type
                  1    wreg      void 
 Registers used:
		wreg
 Tracked objects:
		On entry : 
		On exit  : 
		Unchanged: 
 Data sizes:     COMRAM   BANK0   BANK1   BANK2   BANK3   BANK4   BANK5
      Params:         0       0       0       0       0       0       0
      Locals:         0       0       0       0       0       0       0
      Temps:          2       0       0       0       0       0       0
      Totals:         2       0       0       0       0       0       0
Total ram usage:        2 bytes
 Hardware stack levels used:    1
 This function calls:
		Nothing
 This function is called by:
		i2_MostraSequencia
		i2_jogo
 This function uses a non-reentrant model


 *************** function i2_Som_Botao3 *****************
 Defined at:
		line 59 in file "MainGenius.c"
 Parameters:    Size  Location     Type
		None
 Auto vars:     Size  Location     Type
		None
 Return value:  Size  Location     Type
                  1    wreg      void 
 Registers used:
		wreg
 Tracked objects:
		On entry : 
		On exit  : 
		Unchanged: 
 Data sizes:     COMRAM   BANK0   BANK1   BANK2   BANK3   BANK4   BANK5
      Params:         0       0       0       0       0       0       0
      Locals:         0       0       0       0       0       0       0
      Temps:          2       0       0       0       0       0       0
      Totals:         2       0       0       0       0       0       0
Total ram usage:        2 bytes
 Hardware stack levels used:    1
 This function calls:
		Nothing
 This function is called by:
		i2_MostraSequencia
		i2_jogo
 This function uses a non-reentrant model


 *************** function i2_Som_Botao2 *****************
 Defined at:
		line 52 in file "MainGenius.c"
 Parameters:    Size  Location     Type
		None
 Auto vars:     Size  Location     Type
		None
 Return value:  Size  Location     Type
                  1    wreg      void 
 Registers used:
		wreg
 Tracked objects:
		On entry : 
		On exit  : 
		Unchanged: 
 Data sizes:     COMRAM   BANK0   BANK1   BANK2   BANK3   BANK4   BANK5
      Params:         0       0       0       0       0       0       0
      Locals:         0       0       0       0       0       0       0
      Temps:          2       0       0       0       0       0       0
      Totals:         2       0       0       0       0       0       0
Total ram usage:        2 bytes
 Hardware stack levels used:    1
 This function calls:
		Nothing
 This function is called by:
		i2_MostraSequencia
		i2_jogo
 This function uses a non-reentrant model


 *************** function i2_Som_Botao1 *****************
 Defined at:
		line 45 in file "MainGenius.c"
 Parameters:    Size  Location     Type
		None
 Auto vars:     Size  Location     Type
		None
 Return value:  Size  Location     Type
                  1    wreg      void 
 Registers used:
		wreg
 Tracked objects:
		On entry : 
		On exit  : 
		Unchanged: 
 Data sizes:     COMRAM   BANK0   BANK1   BANK2   BANK3   BANK4   BANK5
      Params:         0       0       0       0       0       0       0
      Locals:         0       0       0       0       0       0       0
      Temps:          2       0       0       0       0       0       0
      Totals:         2       0       0       0       0       0       0
Total ram usage:        2 bytes
 Hardware stack levels used:    1
 This function calls:
		Nothing
 This function is called by:
		i2_MostraSequencia
		i2_jogo
 This function uses a non-reentrant model


 *************** function i2_GerarSequencia *****************
 Defined at:
		line 124 in file "MainGenius.c"
 Parameters:    Size  Location     Type
		None
 Auto vars:     Size  Location     Type
  GerarSequenc    2   38[COMRAM] int 
  GerarSequenc    2   36[COMRAM] unsigned int 
 Return value:  Size  Location     Type
                  1    wreg      void 
 Registers used:
		wreg, fsr2l, fsr2h, status,2, status,0, tblptrl, tblptrh, tblptru, cstack
 Tracked objects:
		On entry : 
		On exit  : 
		Unchanged: 
 Data sizes:     COMRAM   BANK0   BANK1   BANK2   BANK3   BANK4   BANK5
      Params:         0       0       0       0       0       0       0
      Locals:         4       0       0       0       0       0       0
      Temps:          2       0       0       0       0       0       0
      Totals:         6       0       0       0       0       0       0
Total ram usage:        6 bytes
 Hardware stack levels used:    1
 Hardware stack levels required when called:    2
 This function calls:
		i2_lcd_clear
		i2_lcd_puts
		i2_rand
		i2_srand
 This function is called by:
		i2_jogo
 This function uses a non-reentrant model


 *************** function i2_srand *****************
 Defined at:
		line 10 in file "C:\Program Files (x86)\Microchip\xc8\v2.10\pic\sources\c99\common\rand.c"
 Parameters:    Size  Location     Type
  s               2    0[COMRAM] unsigned int 
 Auto vars:     Size  Location     Type
		None
 Return value:  Size  Location     Type
                  1    wreg      void 
 Registers used:
		wreg, status,2, status,0
 Tracked objects:
		On entry : 
		On exit  : 
		Unchanged: 
 Data sizes:     COMRAM   BANK0   BANK1   BANK2   BANK3   BANK4   BANK5
      Params:         2       0       0       0       0       0       0
      Locals:         0       0       0       0       0       0       0
      Temps:          4       0       0       0       0       0       0
      Totals:         6       0       0       0       0       0       0
Total ram usage:        6 bytes
 Hardware stack levels used:    1
 This function calls:
		Nothing
 This function is called by:
		i2_GerarSequencia
 This function uses a non-reentrant model


 *************** function i2_rand *****************
 Defined at:
		line 15 in file "C:\Program Files (x86)\Microchip\xc8\v2.10\pic\sources\c99\common\rand.c"
 Parameters:    Size  Location     Type
		None
 Auto vars:     Size  Location     Type
		None
 Return value:  Size  Location     Type
                  2   24[COMRAM] int 
 Registers used:
		wreg, fsr2l, fsr2h, status,2, status,0, cstack
 Tracked objects:
		On entry : 
		On exit  : 
		Unchanged: 
 Data sizes:     COMRAM   BANK0   BANK1   BANK2   BANK3   BANK4   BANK5
      Params:         2       0       0       0       0       0       0
      Locals:         0       0       0       0       0       0       0
      Temps:          8       0       0       0       0       0       0
      Totals:        10       0       0       0       0       0       0
Total ram usage:       10 bytes
 Hardware stack levels used:    1
 Hardware stack levels required when called:    1
 This function calls:
		i2___omul
 This function is called by:
		i2_GerarSequencia
 This function uses a non-reentrant model


 *************** function i2___omul *****************
 Defined at:
		line 91 in file "C:\Program Files (x86)\Microchip\xc8\v2.10\pic\sources\c99\common\Umul64.c"
 Parameters:    Size  Location     Type
  multiplier      8    0[COMRAM] unsigned long long 
  multiplicand    8    8[COMRAM] unsigned long long 
 Auto vars:     Size  Location     Type
  __omul          8   16[COMRAM] unsigned long long 
 Return value:  Size  Location     Type
                  8    0[COMRAM] unsigned long long 
 Registers used:
		wreg, fsr2l, fsr2h, status,2, status,0
 Tracked objects:
		On entry : 
		On exit  : 
		Unchanged: 
 Data sizes:     COMRAM   BANK0   BANK1   BANK2   BANK3   BANK4   BANK5
      Params:        16       0       0       0       0       0       0
      Locals:         8       0       0       0       0       0       0
      Temps:          0       0       0       0       0       0       0
      Totals:        24       0       0       0       0       0       0
Total ram usage:       24 bytes
 Hardware stack levels used:    1
 This function calls:
		Nothing
 This function is called by:
		i2_rand
 This function uses a non-reentrant model


 *************** function i2_lcd_puts *****************
 Defined at:
		line 62 in file "lcd.c"
 Parameters:    Size  Location     Type
  s               2    1[COMRAM] PTR const unsigned char 
		 -> STR_9(15), STR_8(15), STR_7(20), STR_6(8), 
		 -> STR_5(17), STR_4(15), STR_3(7), STR_2(16), 
		 -> STR_1(13), 
 Auto vars:     Size  Location     Type
		None
 Return value:  Size  Location     Type
                  1    wreg      void 
 Registers used:
		wreg, status,2, status,0, tblptrl, tblptrh, tblptru, cstack
 Tracked objects:
		On entry : 
		On exit  : 
		Unchanged: 
 Data sizes:     COMRAM   BANK0   BANK1   BANK2   BANK3   BANK4   BANK5
      Params:         2       0       0       0       0       0       0
      Locals:         0       0       0       0       0       0       0
      Temps:          0       0       0       0       0       0       0
      Totals:         2       0       0       0       0       0       0
Total ram usage:        2 bytes
 Hardware stack levels used:    1
 Hardware stack levels required when called:    1
 This function calls:
		i2_lcd_write
 This function is called by:
		_tmr
		i2_Som_Inicial
		i2_iniciogame
		i2_Som_Perdeu
		i2_Som_Ganhou
		i2_GerarSequencia
		i2_jogo
 This function uses a non-reentrant model


 *************** function i2_lcd_clear *****************
 Defined at:
		line 52 in file "lcd.c"
 Parameters:    Size  Location     Type
		None
 Auto vars:     Size  Location     Type
		None
 Return value:  Size  Location     Type
                  1    wreg      void 
 Registers used:
		wreg, status,2, cstack
 Tracked objects:
		On entry : 
		On exit  : 
		Unchanged: 
 Data sizes:     COMRAM   BANK0   BANK1   BANK2   BANK3   BANK4   BANK5
      Params:         0       0       0       0       0       0       0
      Locals:         0       0       0       0       0       0       0
      Temps:          1       0       0       0       0       0       0
      Totals:         1       0       0       0       0       0       0
Total ram usage:        1 bytes
 Hardware stack levels used:    1
 Hardware stack levels required when called:    1
 This function calls:
		i2_lcd_write
 This function is called by:
		_tmr
		i2_Som_Inicial
		i2_iniciogame
		i2_Som_Perdeu
		i2_Som_Ganhou
		i2_GerarSequencia
		i2_jogo
 This function uses a non-reentrant model


 *************** function i2_lcd_write *****************
 Defined at:
		line 38 in file "lcd.c"
 Parameters:    Size  Location     Type
  c               1    wreg     unsigned char 
 Auto vars:     Size  Location     Type
  c               1    0[COMRAM] unsigned char 
 Return value:  Size  Location     Type
                  1    wreg      void 
 Registers used:
		wreg, status,2, cstack
 Tracked objects:
		On entry : 
		On exit  : 
		Unchanged: 
 Data sizes:     COMRAM   BANK0   BANK1   BANK2   BANK3   BANK4   BANK5
      Params:         0       0       0       0       0       0       0
      Locals:         1       0       0       0       0       0       0
      Temps:          0       0       0       0       0       0       0
      Totals:         1       0       0       0       0       0       0
Total ram usage:        1 bytes
 Hardware stack levels used:    1
 This function calls:
		Nothing
 This function is called by:
		i2_lcd_clear
		i2_lcd_puts
		i2_lcd_goto
 This function uses a non-reentrant model



MODULE INFORMATION

Module		Function		Class		Link	Load	Size
C:\Program Files (x86)\Microchip\xc8\v2.10\pic\sources\c99\common\rand.c
		_srand         		CODE           	15BC	0000	47
		_rand          		CODE           	0B9A	0000	225

C:\Program Files (x86)\Microchip\xc8\v2.10\pic\sources\c99\common\rand.c estimated size: 272

./configura.h
		_config        		CODE           	13BA	0000	67

./configura.h estimated size: 67

shared
		i2___omul      		CODE           	1042	0000	159
		i2_iniciogame  		CODE           	12CE	0000	81
		i2_Som_Ganhou  		CODE           	136C	0000	79
		i2_rand        		CODE           	0C7A	0000	221
		i2_VerificarSequencia		CODE           	1588	0000	53
		i2_Som_Perdeu  		CODE           	1438	0000	61
		__initialization		CODE           	1224	0000	73
		i2_Som_Inicial 		CODE           	14E4	0000	57
		i2_lcd_goto    		CODE           	17BC	0000	15
		i2_lcd_write   		CODE           	179A	0000	21
		i2_envia       		CODE           	1770	0000	23
		i2_Som_Botao1  		CODE           	170C	0000	31
		i2_Som_Botao2  		CODE           	16EE	0000	31
		i2_Som_Botao3  		CODE           	16D0	0000	31
		i2_Som_Botao4  		CODE           	16B2	0000	31
		i2_jogo        		CODE           	0918	0000	643
		i2_srand       		CODE           	15EA	0000	47
		i2_lcd_puts    		CODE           	151C	0000	57
		i2_MostraSequencia		CODE           	0E28	0000	211
		i2_lcd_clear   		CODE           	1742	0000	25
		i2_GerarSequencia		CODE           	1154	0000	111

shared estimated size: 2061

lcd.c
		_lcd_puts      		CODE           	14AC	0000	57
		_lcd_clear     		CODE           	172A	0000	25
		_lcd_goto      		CODE           	17AE	0000	15
		_lcd_write     		CODE           	1786	0000	21
		_lcd_init      		CODE           	11C2	0000	99

lcd.c estimated size: 217

C:\Program Files (x86)\Microchip\xc8\v2.10\pic\sources\c99\common\Umul64.c
		___omul        		CODE           	0FA2	0000	161

C:\Program Files (x86)\Microchip\xc8\v2.10\pic\sources\c99\common\Umul64.c estimated size: 161

MainGenius.c
		_Som_Perdeu    		CODE           	13FC	0000	61
		_GerarSequencia		CODE           	10E0	0000	117
		_VerificarSequencia		CODE           	1554	0000	53
		_main          		CODE           	1618	0000	35
		_envia         		CODE           	175A	0000	23
		_Som_Ganhou    		CODE           	131E	0000	79
		_Som_Botao1    		CODE           	1694	0000	31
		_Som_Botao2    		CODE           	1676	0000	31
		_Som_Botao3    		CODE           	1658	0000	31
		_Som_Botao4    		CODE           	163A	0000	31
		_tmr           		CODE           	0008	0000	175
		_jogo          		CODE           	0680	0000	665
		_iniciogame    		CODE           	127E	0000	81
		_MostraSequencia		CODE           	0D56	0000	211
		_Som_Inicial   		CODE           	1474	0000	57

MainGenius.c estimated size: 1681

